/Users/mohaimen/Documents/MCUXpressoIDE_11.10.0_3148/workspace/K32L2B31A_Project_MIDI2_Shield_Demo/drivers/fsl_clock.h:629:20:CLOCK_SetSimSafeDivs	8	static
/Users/mohaimen/Documents/MCUXpressoIDE_11.10.0_3148/workspace/K32L2B31A_Project_MIDI2_Shield_Demo/drivers/fsl_smc.h:256:20:SMC_SetPowerModeProtection	16	static
/Users/mohaimen/Documents/MCUXpressoIDE_11.10.0_3148/workspace/K32L2B31A_Project_MIDI2_Shield_Demo/drivers/fsl_smc.h:275:33:SMC_GetPowerModeState	16	static
../board/clock_config.c:56:6:BOARD_InitBootClocks	8	static
../board/clock_config.c:126:6:BOARD_BootClockRUN	8	static
../board/clock_config.c:191:6:BOARD_BootClockVLPR	8	static
