/Users/mohaimen/Documents/MCUXpressoIDE_11.10.0_3148/workspace/K32L2B31A_Project_MIDI2_Shield_Demo/drivers/fsl_clock.h:438:20:CLOCK_EnableClock	24	static
/Users/mohaimen/Documents/MCUXpressoIDE_11.10.0_3148/workspace/K32L2B31A_Project_MIDI2_Shield_Demo/drivers/fsl_port.h:356:20:PORT_SetPinConfig	32	static
/Users/mohaimen/Documents/MCUXpressoIDE_11.10.0_3148/workspace/K32L2B31A_Project_MIDI2_Shield_Demo/drivers/fsl_port.h:459:20:PORT_SetPinMux	24	static
../board/pin_mux.c:103:6:BOARD_InitBootPins	8	static
../board/pin_mux.c:125:6:BOARD_InitPins	8	static
../board/pin_mux.c:159:6:BOARD_InitLCDPins	8	static
../board/pin_mux.c:416:6:BOARD_InitBUTTONSPins	24	static
../board/pin_mux.c:484:6:BOARD_InitLEDsPins	24	static
../board/pin_mux.c:550:6:BOARD_InitDEBUG_UARTPins	16	static
../board/pin_mux.c:614:6:BOARD_InitUSBPins	8	static
../board/pin_mux.c:680:6:BOARD_InitACCEL_I2CPins	24	static
../board/pin_mux.c:784:6:BOARD_InitOSCPins	8	static
