Archive member included to satisfy reference by file (symbol)

/Applications/MCUXpressoIDE_11.10.0_3148/ide/plugins/com.nxp.mcuxpresso.tools.macosx_11.10.0.202311280810/tools/bin/../lib/gcc/arm-none-eabi/13.2.1/../../../../arm-none-eabi/lib/thumb/v6-m/nofp/libcr_nohost_nf.a(_cr__main.o)
                              ./startup/startup_k32l2b31a.o (__main)
/Applications/MCUXpressoIDE_11.10.0_3148/ide/plugins/com.nxp.mcuxpresso.tools.macosx_11.10.0.202311280810/tools/bin/../lib/gcc/arm-none-eabi/13.2.1/../../../../arm-none-eabi/lib/thumb/v6-m/nofp/libcr_c.a(memcpy.o)
                              ./utilities/fsl_str.o (memcpy)
/Applications/MCUXpressoIDE_11.10.0_3148/ide/plugins/com.nxp.mcuxpresso.tools.macosx_11.10.0.202311280810/tools/bin/../lib/gcc/arm-none-eabi/13.2.1/../../../../arm-none-eabi/lib/thumb/v6-m/nofp/libcr_c.a(memset.o)
                              ./utilities/fsl_debug_console.o (memset)
/Applications/MCUXpressoIDE_11.10.0_3148/ide/plugins/com.nxp.mcuxpresso.tools.macosx_11.10.0.202311280810/tools/bin/../lib/gcc/arm-none-eabi/13.2.1/../../../../arm-none-eabi/lib/thumb/v6-m/nofp/libcr_c.a(alloc.o)
                              ./drivers/fsl_common.o (malloc)
/Applications/MCUXpressoIDE_11.10.0_3148/ide/plugins/com.nxp.mcuxpresso.tools.macosx_11.10.0.202311280810/tools/bin/../lib/gcc/arm-none-eabi/13.2.1/../../../../arm-none-eabi/lib/thumb/v6-m/nofp/libcr_c.a(errno.o)
                              ./utilities/fsl_str.o (errno)
/Applications/MCUXpressoIDE_11.10.0_3148/ide/plugins/com.nxp.mcuxpresso.tools.macosx_11.10.0.202311280810/tools/bin/../lib/gcc/arm-none-eabi/13.2.1/../../../../arm-none-eabi/lib/thumb/v6-m/nofp/libcr_c.a(initio.o)
                              /Applications/MCUXpressoIDE_11.10.0_3148/ide/plugins/com.nxp.mcuxpresso.tools.macosx_11.10.0.202311280810/tools/bin/../lib/gcc/arm-none-eabi/13.2.1/../../../../arm-none-eabi/lib/thumb/v6-m/nofp/libcr_nohost_nf.a(_cr__main.o) (_initio)
/Applications/MCUXpressoIDE_11.10.0_3148/ide/plugins/com.nxp.mcuxpresso.tools.macosx_11.10.0.202311280810/tools/bin/../lib/gcc/arm-none-eabi/13.2.1/../../../../arm-none-eabi/lib/thumb/v6-m/nofp/libcr_c.a(printf.o)
                              ./source/main.o (_printf)
/Applications/MCUXpressoIDE_11.10.0_3148/ide/plugins/com.nxp.mcuxpresso.tools.macosx_11.10.0.202311280810/tools/bin/../lib/gcc/arm-none-eabi/13.2.1/../../../../arm-none-eabi/lib/thumb/v6-m/nofp/libcr_c.a(scanf.o)
                              ./utilities/fsl_str.o (strtoul)
/Applications/MCUXpressoIDE_11.10.0_3148/ide/plugins/com.nxp.mcuxpresso.tools.macosx_11.10.0.202311280810/tools/bin/../lib/gcc/arm-none-eabi/13.2.1/../../../../arm-none-eabi/lib/thumb/v6-m/nofp/libcr_c.a(setvbuf.o)
                              /Applications/MCUXpressoIDE_11.10.0_3148/ide/plugins/com.nxp.mcuxpresso.tools.macosx_11.10.0.202311280810/tools/bin/../lib/gcc/arm-none-eabi/13.2.1/../../../../arm-none-eabi/lib/thumb/v6-m/nofp/libcr_c.a(initio.o) (setvbuf)
/Applications/MCUXpressoIDE_11.10.0_3148/ide/plugins/com.nxp.mcuxpresso.tools.macosx_11.10.0.202311280810/tools/bin/../lib/gcc/arm-none-eabi/13.2.1/../../../../arm-none-eabi/lib/thumb/v6-m/nofp/libcr_c.a(strlen.o)
                              ./utilities/fsl_str.o (strlen)
/Applications/MCUXpressoIDE_11.10.0_3148/ide/plugins/com.nxp.mcuxpresso.tools.macosx_11.10.0.202311280810/tools/bin/../lib/gcc/arm-none-eabi/13.2.1/../../../../arm-none-eabi/lib/thumb/v6-m/nofp/libcr_c.a(ungetc.o)
                              /Applications/MCUXpressoIDE_11.10.0_3148/ide/plugins/com.nxp.mcuxpresso.tools.macosx_11.10.0.202311280810/tools/bin/../lib/gcc/arm-none-eabi/13.2.1/../../../../arm-none-eabi/lib/thumb/v6-m/nofp/libcr_c.a(scanf.o) (ungetc)
/Applications/MCUXpressoIDE_11.10.0_3148/ide/plugins/com.nxp.mcuxpresso.tools.macosx_11.10.0.202311280810/tools/bin/../lib/gcc/arm-none-eabi/13.2.1/../../../../arm-none-eabi/lib/thumb/v6-m/nofp/libcr_c.a(__fillbuf.o)
                              /Applications/MCUXpressoIDE_11.10.0_3148/ide/plugins/com.nxp.mcuxpresso.tools.macosx_11.10.0.202311280810/tools/bin/../lib/gcc/arm-none-eabi/13.2.1/../../../../arm-none-eabi/lib/thumb/v6-m/nofp/libcr_c.a(scanf.o) (__filbuf)
/Applications/MCUXpressoIDE_11.10.0_3148/ide/plugins/com.nxp.mcuxpresso.tools.macosx_11.10.0.202311280810/tools/bin/../lib/gcc/arm-none-eabi/13.2.1/../../../../arm-none-eabi/lib/thumb/v6-m/nofp/libcr_c.a(__init_alloc.o)
                              /Applications/MCUXpressoIDE_11.10.0_3148/ide/plugins/com.nxp.mcuxpresso.tools.macosx_11.10.0.202311280810/tools/bin/../lib/gcc/arm-none-eabi/13.2.1/../../../../arm-none-eabi/lib/thumb/v6-m/nofp/libcr_c.a(alloc.o) (__heaps)
/Applications/MCUXpressoIDE_11.10.0_3148/ide/plugins/com.nxp.mcuxpresso.tools.macosx_11.10.0.202311280810/tools/bin/../lib/gcc/arm-none-eabi/13.2.1/../../../../arm-none-eabi/lib/thumb/v6-m/nofp/libcr_c.a(_cr_sbrk.o)
[...]
Memory Configuration

Name             Origin             Length             Attributes
PROGRAM_FLASH    0x00000000         0x00040000         xr
SRAM             0x1fffe000         0x00008000         xrw
*default*        0x00000000         0xffffffff

Linker script and memory map

LOAD ./utilities/fsl_assert.o
LOAD ./utilities/fsl_debug_console.o
LOAD ./utilities/fsl_str.o
LOAD ./tinyusb-midi2/src/typec/usbc.o
LOAD ./tinyusb-midi2/src/portable/nxp/lpc_ip3511/dcd_lpc_ip3511.o
LOAD ./tinyusb-midi2/src/portable/nxp/lpc17_40/dcd_lpc17_40.o
LOAD ./tinyusb-midi2/src/portable/nxp/lpc17_40/hcd_lpc17_40.o
LOAD ./tinyusb-midi2/src/portable/nxp/khci/dcd_khci.o
LOAD ./tinyusb-midi2/src/portable/nxp/khci/hcd_khci.o
LOAD ./tinyusb-midi2/src/host/hub.o
LOAD ./tinyusb-midi2/src/host/usbh.o
LOAD ./tinyusb-midi2/src/device/usbd.o
LOAD ./tinyusb-midi2/src/device/usbd_control.o
LOAD ./tinyusb-midi2/src/common/tusb_fifo.o
LOAD ./tinyusb-midi2/src/class/video/video_device.o
LOAD ./tinyusb-midi2/src/class/vendor/vendor_device.o
LOAD ./tinyusb-midi2/src/class/vendor/vendor_host.o
LOAD ./tinyusb-midi2/src/class/usbtmc/usbtmc_device.o
LOAD ./tinyusb-midi2/src/class/net/ecm_rndis_device.o
LOAD ./tinyusb-midi2/src/class/net/ncm_device.o
LOAD ./tinyusb-midi2/src/class/msc/msc_device.o
LOAD ./tinyusb-midi2/src/class/msc/msc_host.o
LOAD ./tinyusb-midi2/src/class/midi/midi_device.o
LOAD ./tinyusb-midi2/src/class/hid/hid_device.o
LOAD ./tinyusb-midi2/src/class/hid/hid_host.o
LOAD ./tinyusb-midi2/src/class/dfu/dfu_device.o
LOAD ./tinyusb-midi2/src/class/dfu/dfu_rt_device.o
LOAD ./tinyusb-midi2/src/class/cdc/cdc_device.o
LOAD ./tinyusb-midi2/src/class/cdc/cdc_host.o
LOAD ./tinyusb-midi2/src/class/cdc/cdc_rndis_host.o
LOAD ./tinyusb-midi2/src/class/bth/bth_device.o
LOAD ./tinyusb-midi2/src/class/audio/audio_device.o
LOAD ./tinyusb-midi2/src/tusb.o
LOAD ./startup/startup_k32l2b31a.o
LOAD ./source/bsp/board.o
LOAD ./source/frdm_k32l2b.o
LOAD ./source/main.o
LOAD ./source/mainWorkingSensitivePot.o
LOAD ./source/mtb.o
LOAD ./source/semihost_hardfault.o
LOAD ./source/usb_descriptors.o
LOAD ./drivers/fsl_clock.o
LOAD ./drivers/fsl_common.o
LOAD ./drivers/fsl_common_arm.o
LOAD ./drivers/fsl_gpio.o
LOAD ./drivers/fsl_lpuart.o
LOAD ./drivers/fsl_smc.o
LOAD ./device/system_K32L2B31A.o
LOAD ./component/uart/fsl_adapter_lpuart.o
LOAD ./component/serial_manager/fsl_component_serial_manager.o
LOAD ./component/serial_manager/fsl_component_serial_port_uart.o
LOAD ./component/lists/fsl_component_generic_list.o
LOAD ./board/board.o
LOAD ./board/clock_config.o
LOAD ./board/peripherals.o
LOAD ./board/pin_mux.o
START GROUP
LOAD /Applications/MCUXpressoIDE_11.10.0_3148/ide/plugins/com.nxp.mcuxpresso.tools.macosx_11.10.0.202311280810/tools/bin/../lib/gcc/arm-none-eabi/13.2.1/../../../../arm-none-eabi/lib/thumb/v6-m/nofp/libcr_nohost_nf.a
LOAD /Applications/MCUXpressoIDE_11.10.0_3148/ide/plugins/com.nxp.mcuxpresso.tools.macosx_11.10.0.202311280810/tools/bin/../lib/gcc/arm-none-eabi/13.2.1/../../../../arm-none-eabi/lib/thumb/v6-m/nofp/libcr_c.a
LOAD /Applications/MCUXpressoIDE_11.10.0_3148/ide/plugins/com.nxp.mcuxpresso.tools.macosx_11.10.0.202311280810/tools/bin/../lib/gcc/arm-none-eabi/13.2.1/thumb/v6-m/nofp/libcr_eabihelpers.a
LOAD /Applications/MCUXpressoIDE_11.10.0_3148/ide/plugins/com.nxp.mcuxpresso.tools.macosx_11.10.0.202311280810/tools/bin/../lib/gcc/arm-none-eabi/13.2.1/thumb/v6-m/nofp/libgcc.a
END GROUP
                0x00000000                        __base_PROGRAM_FLASH = 0x0
                0x00000000                        __base_Flash = 0x0
                0x00040000                        __top_PROGRAM_FLASH = 0x40000
                0x00040000                        __top_Flash = 0x40000
                0x1fffe000                        __base_SRAM = 0x1fffe000
                0x1fffe000                        __base_RAM = 0x1fffe000
                0x20006000                        __top_SRAM = 0x20006000
                0x20006000                        __top_RAM = 0x20006000

.text           0x00000000     0x96c8
 FILL mask 0xff
                0x00000000                        __vectors_start__ = ABSOLUTE (.)
 *(SORT_BY_ALIGNMENT(.isr_vector))
 .isr_vector    0x00000000       0xc0 ./startup/startup_k32l2b31a.o
                0x00000000                __Vectors
                0x00000000                g_pfnVectors
                0x000000c0                        . = ALIGN (0x4)
                0x000000c0                        __section_table_start = .
                0x000000c0                        __data_section_table = .
                0x000000c0        0x4 LONG 0x96c8 LOADADDR (.data)
                0x000000c4        0x4 LONG 0x1fffe080 ADDR (.data)
                0x000000c8        0x4 LONG 0x30 SIZEOF (.data)
                0x000000cc                        __data_section_table_end = .
                0x000000cc                        __bss_section_table = .
                0x000000cc        0x4 LONG 0x1fffe8cc ADDR (.bss)
                0x000000d0        0x4 LONG 0x284 SIZEOF (.bss)
                0x000000d4                        __bss_section_table_end = .
                0x000000d4                        __section_table_end = .
 *(SORT_BY_ALIGNMENT(.after_vectors*))
 .after_vectors.reset
                0x000000d4       0x4c ./startup/startup_k32l2b31a.o
                0x000000d4                ResetISR
 .after_vectors.init_data
                0x00000120       0x12 ./startup/startup_k32l2b31a.o
                0x00000120                data_init
 .after_vectors.init_bss
                0x00000132       0x10 ./startup/startup_k32l2b31a.o
                0x00000132                bss_init
 .after_vectors
                0x00000142      0x10c ./startup/startup_k32l2b31a.o
                0x00000142                NMI_Handler
                0x00000146                SVC_Handler
                0x00000148                PendSV_Handler
                0x0000014c                DMA0_DriverIRQHandler
                0x0000014c                Reserved42_DriverIRQHandler
                0x0000014c                SPI1_DriverIRQHandler
                0x0000014c                LPTMR0_DriverIRQHandler
                0x0000014c                PORTC_PORTD_DriverIRQHandler
                0x0000014c                PMC_DriverIRQHandler
                0x0000014c                PIT_DriverIRQHandler
                0x0000014c                Reserved39_DriverIRQHandler
                0x0000014c                TPM2_DriverIRQHandler
                0x0000014c                RTC_Seconds_DriverIRQHandler
                0x0000014c                LLWU_DriverIRQHandler
                0x0000014c                FTFA_DriverIRQHandler
                0x0000014c                IntDefaultHandler
                0x0000014c                USB0_DriverIRQHandler
                0x0000014c                DAC0_DriverIRQHandler
                0x0000014c                TPM0_DriverIRQHandler
                0x0000014c                Reserved20_DriverIRQHandler
                0x0000014c                DMA3_DriverIRQHandler
                0x0000014c                UART2_FLEXIO_DriverIRQHandler
                0x0000014c                PORTA_DriverIRQHandler
                0x0000014c                TPM1_DriverIRQHandler
                0x0000014c                RTC_DriverIRQHandler
                0x0000014c                LCD_DriverIRQHandler
                0x0000014c                DMA1_DriverIRQHandler
                0x0000014c                I2C1_DriverIRQHandler
                0x0000014c                SPI0_DriverIRQHandler
                0x0000014c                ADC0_DriverIRQHandler
                0x0000014c                CMP0_DriverIRQHandler
                0x0000014c                DMA2_DriverIRQHandler
                0x0000014c                Reserved43_DriverIRQHandler
                0x0000014c                I2C0_DriverIRQHandler
                0x0000014e                DMA0_IRQHandler
                0x00000156                DMA1_IRQHandler
                0x0000015e                DMA2_IRQHandler
                0x00000166                DMA3_IRQHandler
                0x0000016e                Reserved20_IRQHandler
                0x00000176                FTFA_IRQHandler
                0x0000017e                PMC_IRQHandler
                0x00000186                LLWU_IRQHandler
                0x0000018e                I2C0_IRQHandler
                0x00000196                I2C1_IRQHandler
                0x0000019e                SPI0_IRQHandler
                0x000001a6                SPI1_IRQHandler
                0x000001ae                LPUART0_IRQHandler
                0x000001b6                LPUART1_IRQHandler
                0x000001be                UART2_FLEXIO_IRQHandler
                0x000001c6                ADC0_IRQHandler
                0x000001ce                CMP0_IRQHandler
                0x000001d6                TPM0_IRQHandler
                0x000001de                TPM1_IRQHandler
                0x000001e6                TPM2_IRQHandler
                0x000001ee                RTC_IRQHandler
                0x000001f6                RTC_Seconds_IRQHandler
                0x000001fe                PIT_IRQHandler
                0x00000206                Reserved39_IRQHandler
                0x00000216                DAC0_IRQHandler
                0x0000021e                Reserved42_IRQHandler
                0x00000226                Reserved43_IRQHandler
                0x0000022e                LPTMR0_IRQHandler
                0x00000236                LCD_IRQHandler
                0x0000023e                PORTA_IRQHandler
                0x00000246                PORTC_PORTD_IRQHandler
                0x00000400                        . = 0x400
 *fill*         0x0000024e      0x1b2 ff
                0x00000400                        PROVIDE (__FLASH_CONFIG_START__ = .)
 *(SORT_BY_ALIGNMENT(.FlashConfig))
 .FlashConfig   0x00000400       0x10 ./startup/startup_k32l2b31a.o
                0x00000400                Flash_Config
                0x00000410                        PROVIDE (__FLASH_CONFIG_END__ = .)
                0x00000001                        ASSERT (! ((__FLASH_CONFIG_START__ == __FLASH_CONFIG_END__)), Linker Flash Config Support Enabled, but no .FlashConfig section provided within application)
 *(SORT_BY_ALIGNMENT(.text*))
 .text.__assertion_failed
                0x00000410       0x34 ./utilities/fsl_assert.o
                0x00000410                __assertion_failed
 .text.DbgConsole_SendDataReliable
                0x00000444       0x5c ./utilities/fsl_debug_console.o
                0x00000444                DbgConsole_SendDataReliable
 .text.DbgConsole_Vprintf
                0x000004a0       0x70 ./utilities/fsl_debug_console.o
                0x000004a0                DbgConsole_Vprintf
 .text.__NVIC_EnableIRQ
                0x00000510       0x34 ./tinyusb-midi2/src/portable/nxp/khci/dcd_khci.o
 .text.__NVIC_GetEnableIRQ
                0x00000544       0x3c ./tinyusb-midi2/src/portable/nxp/khci/dcd_khci.o
 .text.__NVIC_DisableIRQ
                0x00000580       0x44 ./tinyusb-midi2/src/portable/nxp/khci/dcd_khci.o
 .text.__NVIC_ClearPendingIRQ
                0x000005c4       0x38 ./tinyusb-midi2/src/portable/nxp/khci/dcd_khci.o
 .text.prepare_next_setup_packet
                0x000005fc       0xd0 ./tinyusb-midi2/src/portable/nxp/khci/dcd_khci.o
 .text.process_stall
                0x000006cc       0x68 ./tinyusb-midi2/src/portable/nxp/khci/dcd_khci.o
 .text.process_tokdne
                0x00000734      0x3c0 ./tinyusb-midi2/src/portable/nxp/khci/dcd_khci.o
 .text.process_bus_reset
                0x00000af4      0x190 ./tinyusb-midi2/src/portable/nxp/khci/dcd_khci.o
 .text.process_bus_sleep
                0x00000c84       0xb8 ./tinyusb-midi2/src/portable/nxp/khci/dcd_khci.o
 .text.process_bus_resume
                0x00000d3c       0xb8 ./tinyusb-midi2/src/portable/nxp/khci/dcd_khci.o
 .text.dcd_init
                0x00000df4       0xec ./tinyusb-midi2/src/portable/nxp/khci/dcd_khci.o
                0x00000df4                dcd_init
 .text.dcd_set_address
                0x00000ee0       0x6c ./tinyusb-midi2/src/portable/nxp/khci/dcd_khci.o
                0x00000ee0                dcd_set_address
 .text.dcd_connect
                0x00000f4c       0x50 ./tinyusb-midi2/src/portable/nxp/khci/dcd_khci.o
                0x00000f4c                dcd_connect
 .text.dcd_edpt_open
                0x00000f9c      0x180 ./tinyusb-midi2/src/portable/nxp/khci/dcd_khci.o
                0x00000f9c                dcd_edpt_open
 .text.dcd_edpt_close_all
                0x0000111c       0xec ./tinyusb-midi2/src/portable/nxp/khci/dcd_khci.o
                0x0000111c                dcd_edpt_close_all
 .text.dcd_edpt_xfer
                0x00001208      0x298 ./tinyusb-midi2/src/portable/nxp/khci/dcd_khci.o
                0x00001208                dcd_edpt_xfer
 .text.dcd_edpt_stall
                0x000014a0       0xe4 ./tinyusb-midi2/src/portable/nxp/khci/dcd_khci.o
                0x000014a0                dcd_edpt_stall
 .text.dcd_edpt_clear_stall
                0x00001584      0x120 ./tinyusb-midi2/src/portable/nxp/khci/dcd_khci.o
                0x00001584                dcd_edpt_clear_stall
 .text.dcd_int_handler
                0x000016a4      0x14c ./tinyusb-midi2/src/portable/nxp/khci/dcd_khci.o
                0x000016a4                dcd_int_handler
 .text.usbd_app_driver_get_cb
                0x000017f0       0x1c ./tinyusb-midi2/src/device/usbd.o
                0x000017f0                usbd_app_driver_get_cb
 .text.tud_ump_n_available
                0x0000180c       0x3c ./tinyusb-midi2/src/device/usbd.o
                0x0000180c                tud_ump_n_available
 .text.tud_ump_read
                0x00001848      0x510 ./tinyusb-midi2/src/device/usbd.o
                0x00001848                tud_ump_read
 .text.tud_ump_write
                0x00001d58      0x86c ./tinyusb-midi2/src/device/usbd.o
                0x00001d58                tud_ump_write
 .text.umpd_init
                0x000025c4       0x88 ./tinyusb-midi2/src/device/usbd.o
                0x000025c4                umpd_init
 .text.umpd_reset
                0x0000264c       0xb8 ./tinyusb-midi2/src/device/usbd.o
                0x0000264c                umpd_reset
 .text.umpd_open
                0x00002704      0x2d8 ./tinyusb-midi2/src/device/usbd.o
                0x00002704                umpd_open
 .text.umpd_control_xfer_cb
                0x000029dc      0x138 ./tinyusb-midi2/src/device/usbd.o
                0x000029dc                umpd_control_xfer_cb
 .text.umpd_xfer_cb
                0x00002b14      0x120 ./tinyusb-midi2/src/device/usbd.o
                0x00002b14                umpd_xfer_cb
 .text.tud_mounted
                0x00002c34       0x1c ./tinyusb-midi2/src/device/usbd.o
                0x00002c34                tud_mounted
 .text.tud_inited
                0x00002c50       0x1c ./tinyusb-midi2/src/device/usbd.o
                0x00002c50                tud_inited
 .text.tud_init
                0x00002c6c      0x120 ./tinyusb-midi2/src/device/usbd.o
                0x00002c6c                tud_init
 .text.configuration_reset
                0x00002d8c       0xd4 ./tinyusb-midi2/src/device/usbd.o
 .text.tud_task_ext
                0x00002e60      0x350 ./tinyusb-midi2/src/device/usbd.o
                0x00002e60                tud_task_ext
 .text.process_control_request
                0x000031b0      0x5f4 ./tinyusb-midi2/src/device/usbd.o
 .text.process_set_config
                0x000037a4      0x27c ./tinyusb-midi2/src/device/usbd.o
 .text.process_get_descriptor
                0x00003a20      0x1d4 ./tinyusb-midi2/src/device/usbd.o
 .text.dcd_event_handler
                0x00003bf4      0x40c ./tinyusb-midi2/src/device/usbd.o
                0x00003bf4                dcd_event_handler
 .text.usbd_int_set
                0x00004000       0x38 ./tinyusb-midi2/src/device/usbd.o
                0x00004000                usbd_int_set
 .text.usbd_edpt_open
                0x00004038       0x74 ./tinyusb-midi2/src/device/usbd.o
                0x00004038                usbd_edpt_open
 .text.usbd_edpt_claim
                0x000040ac       0x74 ./tinyusb-midi2/src/device/usbd.o
                0x000040ac                usbd_edpt_claim
 .text.usbd_edpt_release
                0x00004120       0x74 ./tinyusb-midi2/src/device/usbd.o
                0x00004120                usbd_edpt_release
 .text.usbd_edpt_xfer
                0x00004194      0x108 ./tinyusb-midi2/src/device/usbd.o
                0x00004194                usbd_edpt_xfer
 .text.usbd_edpt_stall
                0x0000429c       0xa4 ./tinyusb-midi2/src/device/usbd.o
                0x0000429c                usbd_edpt_stall
 .text.usbd_edpt_clear_stall
                0x00004340       0xa4 ./tinyusb-midi2/src/device/usbd.o
                0x00004340                usbd_edpt_clear_stall
 .text.usbd_edpt_stalled
                0x000043e4       0x74 ./tinyusb-midi2/src/device/usbd.o
                0x000043e4                usbd_edpt_stalled
 .text.tud_control_status
                0x00004458       0x4c ./tinyusb-midi2/src/device/usbd_control.o
                0x00004458                tud_control_status
 .text._data_stage_xact
                0x000044a4       0xd4 ./tinyusb-midi2/src/device/usbd_control.o
 .text.tud_control_xfer
                0x00004578       0xe0 ./tinyusb-midi2/src/device/usbd_control.o
                0x00004578                tud_control_xfer
 .text.usbd_control_reset
                0x00004658       0x1c ./tinyusb-midi2/src/device/usbd_control.o
                0x00004658                usbd_control_reset
 .text.usbd_control_set_complete_callback
                0x00004674       0x1c ./tinyusb-midi2/src/device/usbd_control.o
                0x00004674                usbd_control_set_complete_callback
 .text.usbd_control_set_request
                0x00004690       0x38 ./tinyusb-midi2/src/device/usbd_control.o
                0x00004690                usbd_control_set_request
 .text.usbd_control_xfer_cb
                0x000046c8      0x164 ./tinyusb-midi2/src/device/usbd_control.o
                0x000046c8                usbd_control_xfer_cb
 .text.tu_edpt_validate
                0x0000482c       0xd8 ./tinyusb-midi2/src/tusb.o
                0x0000482c                tu_edpt_validate
 .text.__NVIC_SetPriority
                0x00004904       0xdc ./source/frdm_k32l2b.o
 .text.SysTick_Config
                0x000049e0       0x48 ./source/frdm_k32l2b.o
 .text.CLOCK_EnableClock
                0x00004a28       0x34 ./source/frdm_k32l2b.o
 .text.CLOCK_SetLpuart0Clock
                0x00004a5c       0x38 ./source/frdm_k32l2b.o
 .text.PORT_SetPinConfig
                0x00004a94       0x38 ./source/frdm_k32l2b.o
 .text.PORT_SetPinMux
                0x00004acc       0x40 ./source/frdm_k32l2b.o
 .text.board_init
                0x00004b0c      0x150 ./source/frdm_k32l2b.o
                0x00004b0c                board_init
 .text.board_led_write
                0x00004c5c       0x30 ./source/frdm_k32l2b.o
                0x00004c5c                board_led_write
 .text.SysTick_Handler
                0x00004c8c       0x18 ./source/frdm_k32l2b.o
                0x00004c8c                SysTick_Handler
 .text.board_millis
                0x00004ca4       0x14 ./source/frdm_k32l2b.o
                0x00004ca4                board_millis
 .text.init_gpio
                0x00004cb8       0x54 ./source/main.o
                0x00004cb8                init_gpio
 .text.init_adc
                0x00004d0c       0x78 ./source/main.o
                0x00004d0c                init_adc
 .text.read_inputs
                0x00004d84       0x58 ./source/main.o
                0x00004d84                read_inputs
 .text.read_adc
                0x00004ddc       0x38 ./source/main.o
                0x00004ddc                read_adc
 .text.scale_adc_to_midi
                0x00004e14       0x38 ./source/main.o
                0x00004e14                scale_adc_to_midi
 .text.init_ump
                0x00004e4c       0x2c ./source/main.o
                0x00004e4c                init_ump
 .text.ump_task
                0x00004e78      0x1e4 ./source/main.o
                0x00004e78                ump_task
 .text.led_blinking_task
                0x0000505c       0x58 ./source/main.o
                0x0000505c                led_blinking_task
 .text.main     0x000050b4       0x44 ./source/main.o
                0x000050b4                main
 .text.tud_mount_cb
                0x000050f8       0x18 ./source/main.o
                0x000050f8                tud_mount_cb
 .text.tud_umount_cb
                0x00005110       0x14 ./source/main.o
                0x00005110                tud_umount_cb
 .text.tud_suspend_cb
                0x00005124       0x24 ./source/main.o
                0x00005124                tud_suspend_cb
 .text.tud_resume_cb
                0x00005148       0x24 ./source/main.o
                0x00005148                tud_resume_cb
 .text.HardFault_Handler
                0x0000516c       0x38 ./source/semihost_hardfault.o
                0x0000516c                HardFault_Handler
 .text.tud_descriptor_device_cb
                0x000051a4       0x10 ./source/usb_descriptors.o
                0x000051a4                tud_descriptor_device_cb
 .text.tud_descriptor_configuration_cb
                0x000051b4       0x1c ./source/usb_descriptors.o
                0x000051b4                tud_descriptor_configuration_cb
 .text.tud_descriptor_device_qualifier_cb
                0x000051d0       0x10 ./source/usb_descriptors.o
                0x000051d0                tud_descriptor_device_qualifier_cb
 .text.tud_descriptor_string_cb
                0x000051e0      0x158 ./source/usb_descriptors.o
                0x000051e0                tud_descriptor_string_cb
 .text.tud_ump_get_req_itf_cb
                0x00005338       0x68 ./source/usb_descriptors.o
                0x00005338                tud_ump_get_req_itf_cb
 .text.CLOCK_EnableClock
                0x000053a0       0x34 ./drivers/fsl_clock.o
 .text.CLOCK_DisableClock
                0x000053d4       0x38 ./drivers/fsl_clock.o
 .text.CLOCK_SetEr32kClock
                0x0000540c       0x34 ./drivers/fsl_clock.o
 .text.CLOCK_GetLircClkFreq
                0x00005440       0x50 ./drivers/fsl_clock.o
 .text.CLOCK_GetOsc0ErClkFreq
                0x00005490       0x44 ./drivers/fsl_clock.o
                0x00005490                CLOCK_GetOsc0ErClkFreq
 .text.CLOCK_GetEr32kClkFreq
                0x000054d4       0x78 ./drivers/fsl_clock.o
                0x000054d4                CLOCK_GetEr32kClkFreq
 .text.CLOCK_GetFreq
                0x0000554c       0xc0 ./drivers/fsl_clock.o
                0x0000554c                CLOCK_GetFreq
 .text.CLOCK_SetSimConfig
                0x0000560c       0x2c ./drivers/fsl_clock.o
                0x0000560c                CLOCK_SetSimConfig
 .text.CLOCK_EnableUsbfs0Clock
                0x00005638       0x9c ./drivers/fsl_clock.o
                0x00005638                CLOCK_EnableUsbfs0Clock
 .text.CLOCK_GetInternalRefClkFreq
                0x000056d4       0x48 ./drivers/fsl_clock.o
                0x000056d4                CLOCK_GetInternalRefClkFreq
 .text.CLOCK_GetPeriphClkFreq
                0x0000571c       0x3c ./drivers/fsl_clock.o
                0x0000571c                CLOCK_GetPeriphClkFreq
 .text.CLOCK_GetOutClkFreq
                0x00005758       0x7c ./drivers/fsl_clock.o
                0x00005758                CLOCK_GetOutClkFreq
 .text.CLOCK_SetMcgliteConfig
                0x000057d4      0x110 ./drivers/fsl_clock.o
                0x000057d4                CLOCK_SetMcgliteConfig
 .text.GPIO_PinInit
                0x000058e4       0x64 ./drivers/fsl_gpio.o
                0x000058e4                GPIO_PinInit
 .text.CLOCK_EnableClock
                0x00005948       0x34 ./drivers/fsl_lpuart.o
 .text.LPUART_GetInstance
                0x0000597c       0x4c ./drivers/fsl_lpuart.o
                0x0000597c                LPUART_GetInstance
 .text.LPUART_Init
                0x000059c8      0x2d4 ./drivers/fsl_lpuart.o
                0x000059c8                LPUART_Init
 .text.LPUART_GetDefaultConfig
                0x00005c9c       0x68 ./drivers/fsl_lpuart.o
                0x00005c9c                LPUART_GetDefaultConfig
 .text.LPUART_WriteBlocking
                0x00005d04       0x6c ./drivers/fsl_lpuart.o
                0x00005d04                LPUART_WriteBlocking
 .text.LPUART0_DriverIRQHandler
                0x00005d70       0x24 ./drivers/fsl_lpuart.o
                0x00005d70                LPUART0_DriverIRQHandler
 .text.LPUART1_DriverIRQHandler
                0x00005d94       0x24 ./drivers/fsl_lpuart.o
                0x00005d94                LPUART1_DriverIRQHandler
 .text.SystemInit
                0x00005db8       0x40 ./device/system_K32L2B31A.o
                0x00005db8                SystemInit
 .text.SystemCoreClockUpdate
                0x00005df8       0xa8 ./device/system_K32L2B31A.o
                0x00005df8                SystemCoreClockUpdate
 .text.HAL_UartSendBlocking
                0x00005ea0       0x6c ./component/uart/fsl_adapter_lpuart.o
                0x00005ea0                HAL_UartSendBlocking
 .text.SerialManager_StartWriting
                0x00005f0c       0x44 ./component/serial_manager/fsl_component_serial_manager.o
 .text.__NVIC_DisableIRQ
                0x00005f50       0x44 ./board/board.o
 .text.__NVIC_ClearPendingIRQ
                0x00005f94       0x38 ./board/board.o
 .text.CLOCK_SetSimSafeDivs
                0x00005fcc       0x20 ./board/clock_config.o
 .text.BOARD_BootClockRUN
                0x00005fec       0x34 ./board/clock_config.o
                0x00005fec                BOARD_BootClockRUN
 .text.malloc   0x00006020       0xd4 /Applications/MCUXpressoIDE_11.10.0_3148/ide/plugins/com.nxp.mcuxpresso.tools.macosx_11.10.0.202311280810/tools/bin/../lib/gcc/arm-none-eabi/13.2.1/../../../../arm-none-eabi/lib/thumb/v6-m/nofp/libcr_c.a(alloc.o)
                0x00006020                malloc
 .text._Csys_alloc
                0x000060f4       0x20 /Applications/MCUXpressoIDE_11.10.0_3148/ide/plugins/com.nxp.mcuxpresso.tools.macosx_11.10.0.202311280810/tools/bin/../lib/gcc/arm-none-eabi/13.2.1/../../../../arm-none-eabi/lib/thumb/v6-m/nofp/libcr_c.a(alloc.o)
                0x000060f4                _Csys_alloc
 .text._initio  0x00006114       0x7c /Applications/MCUXpressoIDE_11.10.0_3148/ide/plugins/com.nxp.mcuxpresso.tools.macosx_11.10.0.202311280810/tools/bin/../lib/gcc/arm-none-eabi/13.2.1/../../../../arm-none-eabi/lib/thumb/v6-m/nofp/libcr_c.a(initio.o)
                0x00006114                _initio
 .text.__vfprintf
                0x00006190      0xd3c /Applications/MCUXpressoIDE_11.10.0_3148/ide/plugins/com.nxp.mcuxpresso.tools.macosx_11.10.0.202311280810/tools/bin/../lib/gcc/arm-none-eabi/13.2.1/../../../../arm-none-eabi/lib/thumb/v6-m/nofp/libcr_c.a(printf.o)
                0x00006190                __vfprintf
 .text._vsnprintf
                0x00006ecc       0x70 /Applications/MCUXpressoIDE_11.10.0_3148/ide/plugins/com.nxp.mcuxpresso.tools.macosx_11.10.0.202311280810/tools/bin/../lib/gcc/arm-none-eabi/13.2.1/../../../../arm-none-eabi/lib/thumb/v6-m/nofp/libcr_c.a(printf.o)
                0x00006ecc                _vsnprintf
 .text._printf  0x00006f3c       0x50 /Applications/MCUXpressoIDE_11.10.0_3148/ide/plugins/com.nxp.mcuxpresso.tools.macosx_11.10.0.202311280810/tools/bin/../lib/gcc/arm-none-eabi/13.2.1/../../../../arm-none-eabi/lib/thumb/v6-m/nofp/libcr_c.a(printf.o)
                0x00006f3c                _printf
 .text.setvbuf  0x00006f8c       0x4c /Applications/MCUXpressoIDE_11.10.0_3148/ide/plugins/com.nxp.mcuxpresso.tools.macosx_11.10.0.202311280810/tools/bin/../lib/gcc/arm-none-eabi/13.2.1/../../../../arm-none-eabi/lib/thumb/v6-m/nofp/libcr_c.a(setvbuf.o)
                0x00006f8c                setvbuf
 .text.strlen   0x00006fd8       0x5c /Applications/MCUXpressoIDE_11.10.0_3148/ide/plugins/com.nxp.mcuxpresso.tools.macosx_11.10.0.202311280810/tools/bin/../lib/gcc/arm-none-eabi/13.2.1/../../../../arm-none-eabi/lib/thumb/v6-m/nofp/libcr_c.a(strlen.o)
                0x00006fd8                strlen
 .text._sbrk    0x00007034       0x44 /Applications/MCUXpressoIDE_11.10.0_3148/ide/plugins/com.nxp.mcuxpresso.tools.macosx_11.10.0.202311280810/tools/bin/../lib/gcc/arm-none-eabi/13.2.1/../../../../arm-none-eabi/lib/thumb/v6-m/nofp/libcr_c.a(_cr_sbrk.o)
                0x00007034                _sbrk
 .text._deferredlazyseek
                0x00007078       0x40 /Applications/MCUXpressoIDE_11.10.0_3148/ide/plugins/com.nxp.mcuxpresso.tools.macosx_11.10.0.202311280810/tools/bin/../lib/gcc/arm-none-eabi/13.2.1/../../../../arm-none-eabi/lib/thumb/v6-m/nofp/libcr_c.a(_deferredlazyseek.o)
                0x00007078                _deferredlazyseek
 .text.__flsbuf
                0x000070b8      0x12c /Applications/MCUXpressoIDE_11.10.0_3148/ide/plugins/com.nxp.mcuxpresso.tools.macosx_11.10.0.202311280810/tools/bin/../lib/gcc/arm-none-eabi/13.2.1/../../../../arm-none-eabi/lib/thumb/v6-m/nofp/libcr_c.a(_deferredlazyseek.o)
                0x000070b8                __flsbuf
 .text._fdopen  0x000071e4       0x74 /Applications/MCUXpressoIDE_11.10.0_3148/ide/plugins/com.nxp.mcuxpresso.tools.macosx_11.10.0.202311280810/tools/bin/../lib/gcc/arm-none-eabi/13.2.1/../../../../arm-none-eabi/lib/thumb/v6-m/nofp/libcr_c.a(_fdopen.o)
                0x000071e4                _fdopen
 .text._fflush  0x00007258       0x5c /Applications/MCUXpressoIDE_11.10.0_3148/ide/plugins/com.nxp.mcuxpresso.tools.macosx_11.10.0.202311280810/tools/bin/../lib/gcc/arm-none-eabi/13.2.1/../../../../arm-none-eabi/lib/thumb/v6-m/nofp/libcr_c.a(_fflush.o)
                0x00007258                _fflush
 .text._Cwritebuf
                0x000072b4       0x68 /Applications/MCUXpressoIDE_11.10.0_3148/ide/plugins/com.nxp.mcuxpresso.tools.macosx_11.10.0.202311280810/tools/bin/../lib/gcc/arm-none-eabi/13.2.1/../../../../arm-none-eabi/lib/thumb/v6-m/nofp/libcr_c.a(_writebuf.o)
                0x000072b4                _Cwritebuf
 .text.fclose   0x0000731c       0x5c /Applications/MCUXpressoIDE_11.10.0_3148/ide/plugins/com.nxp.mcuxpresso.tools.macosx_11.10.0.202311280810/tools/bin/../lib/gcc/arm-none-eabi/13.2.1/../../../../arm-none-eabi/lib/thumb/v6-m/nofp/libcr_c.a(fclose.o)
                0x0000731c                fclose
 .text.fflush   0x00007378       0x40 /Applications/MCUXpressoIDE_11.10.0_3148/ide/plugins/com.nxp.mcuxpresso.tools.macosx_11.10.0.202311280810/tools/bin/../lib/gcc/arm-none-eabi/13.2.1/../../../../arm-none-eabi/lib/thumb/v6-m/nofp/libcr_c.a(fflush.o)
                0x00007378                fflush
 .text.fseek    0x000073b8       0xec /Applications/MCUXpressoIDE_11.10.0_3148/ide/plugins/com.nxp.mcuxpresso.tools.macosx_11.10.0.202311280810/tools/bin/../lib/gcc/arm-none-eabi/13.2.1/../../../../arm-none-eabi/lib/thumb/v6-m/nofp/libcr_c.a(fseek.o)
                0x000073b8                fseek
 .text.ftell    0x000074a4       0x4c /Applications/MCUXpressoIDE_11.10.0_3148/ide/plugins/com.nxp.mcuxpresso.tools.macosx_11.10.0.202311280810/tools/bin/../lib/gcc/arm-none-eabi/13.2.1/../../../../arm-none-eabi/lib/thumb/v6-m/nofp/libcr_c.a(ftell.o)
                0x000074a4                ftell
 .text.__check_heap_overflow
                0x000074f0       0x18 /Applications/MCUXpressoIDE_11.10.0_3148/ide/plugins/com.nxp.mcuxpresso.tools.macosx_11.10.0.202311280810/tools/bin/../lib/gcc/arm-none-eabi/13.2.1/../../../../arm-none-eabi/lib/thumb/v6-m/nofp/libcr_c.a(_cr_check_heap.o)
                0x000074f0                __check_heap_overflow
 .text._do_fflush
                0x00007508       0x48 /Applications/MCUXpressoIDE_11.10.0_3148/ide/plugins/com.nxp.mcuxpresso.tools.macosx_11.10.0.202311280810/tools/bin/../lib/gcc/arm-none-eabi/13.2.1/../../../../arm-none-eabi/lib/thumb/v6-m/nofp/libcr_c.a(_do_fflush.o)
                0x00007508                _do_fflush
 .text.fsl_assert_hook
                0x00007550       0x16 ./utilities/fsl_assert.o
                0x00007550                fsl_assert_hook
 .text.DbgConsole_PrintCallback
                0x00007566       0x6c ./utilities/fsl_debug_console.o
 .text.DbgConsole_Printf
                0x000075d2       0x32 ./utilities/fsl_debug_console.o
                0x000075d2                DbgConsole_Printf
 .text.PrintGetWidth
                0x00007604       0x7c ./utilities/fsl_str.o
 .text.PrintGetPrecision
                0x00007680       0xa0 ./utilities/fsl_str.o
 .text.PrintIsobpu
                0x00007720       0x3e ./utilities/fsl_str.o
 .text.PrintIsdi
                0x0000775e       0x2e ./utilities/fsl_str.o
 .text.PrintOutputdifFobpu
                0x0000778c       0x48 ./utilities/fsl_str.o
 .text.PrintOutputxX
                0x000077d4       0x48 ./utilities/fsl_str.o
 .text.PrintIsfF
                0x0000781c       0x2e ./utilities/fsl_str.o
 .text.PrintIsxX
                0x0000784a       0x2e ./utilities/fsl_str.o
 .text.PrintFilterLengthFlag
                0x00007878       0x44 ./utilities/fsl_str.o
 .text.PrintGetRadixFromobpu
                0x000078bc       0x58 ./utilities/fsl_str.o
 .text.ConvertRadixNumToString
                0x00007914       0xc0 ./utilities/fsl_str.o
 .text.StrFormatExaminedi
                0x000079d4       0x22 ./utilities/fsl_str.o
 .text.StrFormatExaminexX
                0x000079f6       0x22 ./utilities/fsl_str.o
 .text.StrFormatExamineobpu
                0x00007a18       0x22 ./utilities/fsl_str.o
 .text.ConvertPrecisionWidthToLength
                0x00007a3a       0x22 ./utilities/fsl_str.o
 .text.StrFormatPrintf
                0x00007a5c      0x2d6 ./utilities/fsl_str.o
                0x00007a5c                StrFormatPrintf
 .text.dcd_int_enable
                0x00007d32       0x1a ./tinyusb-midi2/src/portable/nxp/khci/dcd_khci.o
                0x00007d32                dcd_int_enable
 .text.dcd_int_disable
                0x00007d4c       0x1a ./tinyusb-midi2/src/portable/nxp/khci/dcd_khci.o
                0x00007d4c                dcd_int_disable
 .text.dcd_sof_enable
                0x00007d66       0x1a ./tinyusb-midi2/src/portable/nxp/khci/dcd_khci.o
                0x00007d66                dcd_sof_enable
 .text._prep_out_transaction
                0x00007d80       0x92 ./tinyusb-midi2/src/device/usbd.o
 .text.write_flush
                0x00007e12       0xbc ./tinyusb-midi2/src/device/usbd.o
 .text.tud_event_hook_cb
                0x00007ece       0x1e ./tinyusb-midi2/src/device/usbd.o
                0x00007ece                tud_event_hook_cb
 .text.tud_sof_cb
                0x00007eec       0x10 ./tinyusb-midi2/src/device/usbd.o
                0x00007eec                tud_sof_cb
 .text.usbd_reset
                0x00007efc       0x22 ./tinyusb-midi2/src/device/usbd.o
 .text.invoke_class_control
                0x00007f1e       0x36 ./tinyusb-midi2/src/device/usbd.o
 .text.dcd_edpt0_status_complete
                0x00007f54       0x16 ./tinyusb-midi2/src/device/usbd_control.o
                0x00007f54                dcd_edpt0_status_complete
 .text._status_stage_xact
                0x00007f6a       0x42 ./tinyusb-midi2/src/device/usbd_control.o
 .text.tu_fifo_config
                0x00007fac       0x80 ./tinyusb-midi2/src/common/tusb_fifo.o
                0x00007fac                tu_fifo_config
 .text._ff_push
                0x0000802c       0x40 ./tinyusb-midi2/src/common/tusb_fifo.o
 .text._ff_push_n
                0x0000806c       0xea ./tinyusb-midi2/src/common/tusb_fifo.o
 .text._ff_pull
                0x00008156       0x40 ./tinyusb-midi2/src/common/tusb_fifo.o
 .text._ff_pull_n
                0x00008196       0xea ./tinyusb-midi2/src/common/tusb_fifo.o
 .text.advance_index
                0x00008280       0x76 ./tinyusb-midi2/src/common/tusb_fifo.o
 .text._tu_fifo_peek
                0x000082f6      0x140 ./tinyusb-midi2/src/common/tusb_fifo.o
 .text._tu_fifo_peek_n
                0x00008436      0x16a ./tinyusb-midi2/src/common/tusb_fifo.o
 .text._tu_fifo_write_n
                0x000085a0      0x288 ./tinyusb-midi2/src/common/tusb_fifo.o
 .text._tu_fifo_read_n
                0x00008828       0x68 ./tinyusb-midi2/src/common/tusb_fifo.o
 .text.tu_fifo_count
                0x00008890       0x94 ./tinyusb-midi2/src/common/tusb_fifo.o
                0x00008890                tu_fifo_count
 .text.tu_fifo_full
                0x00008924       0x7c ./tinyusb-midi2/src/common/tusb_fifo.o
                0x00008924                tu_fifo_full
 .text.tu_fifo_remaining
                0x000089a0       0xac ./tinyusb-midi2/src/common/tusb_fifo.o
                0x000089a0                tu_fifo_remaining
 .text.tu_fifo_read
                0x00008a4c       0x52 ./tinyusb-midi2/src/common/tusb_fifo.o
                0x00008a4c                tu_fifo_read
 .text.tu_fifo_read_n
                0x00008a9e       0x26 ./tinyusb-midi2/src/common/tusb_fifo.o
                0x00008a9e                tu_fifo_read_n
 .text.tu_fifo_peek_n
                0x00008ac4       0x44 ./tinyusb-midi2/src/common/tusb_fifo.o
                0x00008ac4                tu_fifo_peek_n
 .text.tu_fifo_write
                0x00008b08       0xc0 ./tinyusb-midi2/src/common/tusb_fifo.o
                0x00008b08                tu_fifo_write
 .text.tu_fifo_write_n
                0x00008bc8       0x26 ./tinyusb-midi2/src/common/tusb_fifo.o
                0x00008bc8                tu_fifo_write_n
 .text.tu_fifo_clear
                0x00008bee       0x1e ./tinyusb-midi2/src/common/tusb_fifo.o
                0x00008bee                tu_fifo_clear
 .text.tu_edpt_claim
                0x00008c0c       0x7a ./tinyusb-midi2/src/tusb.o
                0x00008c0c                tu_edpt_claim
 .text.tu_edpt_release
                0x00008c86       0x5a ./tinyusb-midi2/src/tusb.o
                0x00008c86                tu_edpt_release
 .text.tu_edpt_bind_driver
                0x00008ce0       0x98 ./tinyusb-midi2/src/tusb.o
                0x00008ce0                tu_edpt_bind_driver
 .text.GPIO_PinWrite
                0x00008d78       0x34 ./source/frdm_k32l2b.o
 .text.USB0_IRQHandler
                0x00008dac       0x10 ./source/frdm_k32l2b.o
                0x00008dac                USB0_IRQHandler
 .text.GPIO_PinWrite
                0x00008dbc       0x34 ./drivers/fsl_gpio.o
 .text.SerialManager_Write
                0x00008df0       0x44 ./component/serial_manager/fsl_component_serial_manager.o
 .text.SerialManager_WriteBlocking
                0x00008e34       0x22 ./component/serial_manager/fsl_component_serial_manager.o
                0x00008e34                SerialManager_WriteBlocking
 .text.Serial_UartWrite
                0x00008e56       0x38 ./component/serial_manager/fsl_component_serial_port_uart.o
                0x00008e56                Serial_UartWrite
 .text.SystemInitHook
                0x00008e8e       0x22 ./board/board.o
                0x00008e8e                SystemInitHook
 .text.__main   0x00008eb0        0xc /Applications/MCUXpressoIDE_11.10.0_3148/ide/plugins/com.nxp.mcuxpresso.tools.macosx_11.10.0.202311280810/tools/bin/../lib/gcc/arm-none-eabi/13.2.1/../../../../arm-none-eabi/lib/thumb/v6-m/nofp/libcr_nohost_nf.a(_cr__main.o)
                0x00008eb0                __main
 .text.memcpy   0x00008ebc        0x8 /Applications/MCUXpressoIDE_11.10.0_3148/ide/plugins/com.nxp.mcuxpresso.tools.macosx_11.10.0.202311280810/tools/bin/../lib/gcc/arm-none-eabi/13.2.1/../../../../arm-none-eabi/lib/thumb/v6-m/nofp/libcr_c.a(memcpy.o)
                0x00008ebc                memcpy
 .text.memset   0x00008ec4        0x8 /Applications/MCUXpressoIDE_11.10.0_3148/ide/plugins/com.nxp.mcuxpresso.tools.macosx_11.10.0.202311280810/tools/bin/../lib/gcc/arm-none-eabi/13.2.1/../../../../arm-none-eabi/lib/thumb/v6-m/nofp/libcr_c.a(memset.o)
                0x00008ec4                memset
 .text.free     0x00008ecc       0x2c /Applications/MCUXpressoIDE_11.10.0_3148/ide/plugins/com.nxp.mcuxpresso.tools.macosx_11.10.0.202311280810/tools/bin/../lib/gcc/arm-none-eabi/13.2.1/../../../../arm-none-eabi/lib/thumb/v6-m/nofp/libcr_c.a(alloc.o)
                0x00008ecc                free
 .text.no_fp_display
                0x00008ef8        0x4 /Applications/MCUXpressoIDE_11.10.0_3148/ide/plugins/com.nxp.mcuxpresso.tools.macosx_11.10.0.202311280810/tools/bin/../lib/gcc/arm-none-eabi/13.2.1/../../../../arm-none-eabi/lib/thumb/v6-m/nofp/libcr_c.a(printf.o)
 .text.remove   0x00008efc       0x12 /Applications/MCUXpressoIDE_11.10.0_3148/ide/plugins/com.nxp.mcuxpresso.tools.macosx_11.10.0.202311280810/tools/bin/../lib/gcc/arm-none-eabi/13.2.1/../../../../arm-none-eabi/lib/thumb/v6-m/nofp/libcr_c.a(remove.o)
                0x00008efc                remove
 .text.__aeabi_division_idivmod
                0x00008f0e       0x78 /Applications/MCUXpressoIDE_11.10.0_3148/ide/plugins/com.nxp.mcuxpresso.tools.macosx_11.10.0.202311280810/tools/bin/../lib/gcc/arm-none-eabi/13.2.1/thumb/v6-m/nofp/libcr_eabihelpers.a(division_32.o)
                0x00008f0e                __aeabi_idiv
                0x00008f0e                __aeabi_idivmod
                0x00008f14                __aeabi_uidiv
                0x00008f14                __aeabi_uidivmod
 .text.__aeabi_division_idiv0
                0x00008f86        0x2 /Applications/MCUXpressoIDE_11.10.0_3148/ide/plugins/com.nxp.mcuxpresso.tools.macosx_11.10.0.202311280810/tools/bin/../lib/gcc/arm-none-eabi/13.2.1/thumb/v6-m/nofp/libcr_eabihelpers.a(division_idiv0.o)
                0x00008f86                __aeabi_idiv0
 .text.__aeabi_llong_lmul
                0x00008f88       0x2e /Applications/MCUXpressoIDE_11.10.0_3148/ide/plugins/com.nxp.mcuxpresso.tools.macosx_11.10.0.202311280810/tools/bin/../lib/gcc/arm-none-eabi/13.2.1/thumb/v6-m/nofp/libcr_eabihelpers.a(llong.o)
                0x00008f88                __aeabi_lmul
 .text.__aeabi_memcpy
                0x00008fb6       0x2c /Applications/MCUXpressoIDE_11.10.0_3148/ide/plugins/com.nxp.mcuxpresso.tools.macosx_11.10.0.202311280810/tools/bin/../lib/gcc/arm-none-eabi/13.2.1/thumb/v6-m/nofp/libcr_eabihelpers.a(memcpy.o)
                0x00008fb6                __aeabi_memcpy
                0x00008fb6                __aeabi_memcpy4
                0x00008fb6                __aeabi_memcpy8
 .text.__aeabi_memset_lowlevel
                0x00008fe2       0x2a /Applications/MCUXpressoIDE_11.10.0_3148/ide/plugins/com.nxp.mcuxpresso.tools.macosx_11.10.0.202311280810/tools/bin/../lib/gcc/arm-none-eabi/13.2.1/thumb/v6-m/nofp/libcr_eabihelpers.a(memcpy.o)
                0x00008fe2                __aeabi_lowlevel_memset
 .text.__gnu_thumb1_case_uqi
                0x0000900c       0x10 /Applications/MCUXpressoIDE_11.10.0_3148/ide/plugins/com.nxp.mcuxpresso.tools.macosx_11.10.0.202311280810/tools/bin/../lib/gcc/arm-none-eabi/13.2.1/thumb/v6-m/nofp/libcr_eabihelpers.a(thumb1_switch_helpers.o)
                0x0000900c                __gnu_thumb1_case_uqi
 .text.__gnu_thumb1_case_shi
                0x0000901c       0x10 /Applications/MCUXpressoIDE_11.10.0_3148/ide/plugins/com.nxp.mcuxpresso.tools.macosx_11.10.0.202311280810/tools/bin/../lib/gcc/arm-none-eabi/13.2.1/thumb/v6-m/nofp/libcr_eabihelpers.a(thumb1_switch_helpers.o)
                0x0000901c                __gnu_thumb1_case_shi
 .text.__gnu_thumb1_case_uhi
                0x0000902c       0x10 /Applications/MCUXpressoIDE_11.10.0_3148/ide/plugins/com.nxp.mcuxpresso.tools.macosx_11.10.0.202311280810/tools/bin/../lib/gcc/arm-none-eabi/13.2.1/thumb/v6-m/nofp/libcr_eabihelpers.a(thumb1_switch_helpers.o)
                0x0000902c                __gnu_thumb1_case_uhi
 .text.__sys_appexit
                0x0000903c        0x2 /Applications/MCUXpressoIDE_11.10.0_3148/ide/plugins/com.nxp.mcuxpresso.tools.macosx_11.10.0.202311280810/tools/bin/../lib/gcc/arm-none-eabi/13.2.1/../../../../arm-none-eabi/lib/thumb/v6-m/nofp/libcr_nohost_nf.a(__sys_appexit.o)
                0x0000903c                __exit
                0x0000903c                __sys_appexit
 .text.__sys_close
                0x0000903e        0x6 /Applications/MCUXpressoIDE_11.10.0_3148/ide/plugins/com.nxp.mcuxpresso.tools.macosx_11.10.0.202311280810/tools/bin/../lib/gcc/arm-none-eabi/13.2.1/../../../../arm-none-eabi/lib/thumb/v6-m/nofp/libcr_nohost_nf.a(__sys_close.o)
                0x0000903e                __sys_close
 .text.__sys_flen
                0x00009044        0x6 /Applications/MCUXpressoIDE_11.10.0_3148/ide/plugins/com.nxp.mcuxpresso.tools.macosx_11.10.0.202311280810/tools/bin/../lib/gcc/arm-none-eabi/13.2.1/../../../../arm-none-eabi/lib/thumb/v6-m/nofp/libcr_nohost_nf.a(__sys_flen.o)
                0x00009044                __sys_flen
 .text.__sys_istty
                0x0000904a        0x6 /Applications/MCUXpressoIDE_11.10.0_3148/ide/plugins/com.nxp.mcuxpresso.tools.macosx_11.10.0.202311280810/tools/bin/../lib/gcc/arm-none-eabi/13.2.1/../../../../arm-none-eabi/lib/thumb/v6-m/nofp/libcr_nohost_nf.a(__sys_istty.o)
                0x0000904a                __sys_istty
 .text.__sys_remove
                0x00009050        0x6 /Applications/MCUXpressoIDE_11.10.0_3148/ide/plugins/com.nxp.mcuxpresso.tools.macosx_11.10.0.202311280810/tools/bin/../lib/gcc/arm-none-eabi/13.2.1/../../../../arm-none-eabi/lib/thumb/v6-m/nofp/libcr_nohost_nf.a(__sys_remove.o)
                0x00009050                __sys_remove
 .text.__sys_seek
                0x00009056        0x6 /Applications/MCUXpressoIDE_11.10.0_3148/ide/plugins/com.nxp.mcuxpresso.tools.macosx_11.10.0.202311280810/tools/bin/../lib/gcc/arm-none-eabi/13.2.1/../../../../arm-none-eabi/lib/thumb/v6-m/nofp/libcr_nohost_nf.a(__sys_seek.o)
                0x00009056                __sys_seek
 .text.__sys_tmpnam
                0x0000905c        0x6 /Applications/MCUXpressoIDE_11.10.0_3148/ide/plugins/com.nxp.mcuxpresso.tools.macosx_11.10.0.202311280810/tools/bin/../lib/gcc/arm-none-eabi/13.2.1/../../../../arm-none-eabi/lib/thumb/v6-m/nofp/libcr_nohost_nf.a(__sys_tmpnam.o)
                0x0000905c                __sys_tmpnam
 .text.__sys_write
                0x00009062        0x4 /Applications/MCUXpressoIDE_11.10.0_3148/ide/plugins/com.nxp.mcuxpresso.tools.macosx_11.10.0.202311280810/tools/bin/../lib/gcc/arm-none-eabi/13.2.1/../../../../arm-none-eabi/lib/thumb/v6-m/nofp/libcr_nohost_nf.a(__sys_write.o)
                0x00009062                __sys_write
 *(SORT_BY_ALIGNMENT(.rodata) SORT_BY_ALIGNMENT(.rodata.*) SORT_BY_ALIGNMENT(.constdata) SORT_BY_ALIGNMENT(.constdata.*))
 *fill*         0x00009066        0x2 ff
 .rodata.__assertion_failed.str1.4
                0x00009068      0x35b ./utilities/fsl_assert.o
                                 0x14 (size before relaxing)
 *fill*         0x000093c3        0x1 ff
 .rodata.tusb_app_drivers
                0x000093c4       0x20 ./tinyusb-midi2/src/device/usbd.o
                0x000093c4                tusb_app_drivers
 .rodata.tud_ump_read
                0x000093e4       0x3c ./tinyusb-midi2/src/device/usbd.o
 .rodata._usbd_driver
                0x00009420       0x20 ./tinyusb-midi2/src/device/usbd.o
 .rodata.tud_task_ext
                0x00009440       0x24 ./tinyusb-midi2/src/device/usbd.o
 .rodata.process_control_request
                0x00009464       0x28 ./tinyusb-midi2/src/device/usbd.o
 .rodata.process_get_descriptor
                0x0000948c       0x40 ./tinyusb-midi2/src/device/usbd.o
 .rodata.dcd_event_handler
                0x000094cc       0x1c ./tinyusb-midi2/src/device/usbd.o
 .rodata.PORT_SetPinConfig.str1.4
                0x000094e8       0x83 ./source/frdm_k32l2b.o
 .rodata.init_adc.str1.4
                0x000094e8       0x39 ./source/main.o
 .rodata.ump_task.str1.4
                0x000094e8       0x37 ./source/main.o
 .rodata.desc_device
                0x000094e8       0x12 ./source/usb_descriptors.o
                0x000094e8                desc_device
 *fill*         0x000094fa        0x2 ff
 .rodata.desc_fs_configuration
                0x000094fc       0xb7 ./source/usb_descriptors.o
                0x000094fc                desc_fs_configuration
 *fill*         0x000095b3        0x1 ff
 .rodata.group_descr
                0x000095b4       0x2c ./source/usb_descriptors.o
                0x000095b4                group_descr
 .rodata.desc_device_qualifier
                0x000095e0        0xa ./source/usb_descriptors.o
                0x000095e0                desc_device_qualifier
 .rodata.tud_descriptor_string_cb.str1.4
                0x000095ea       0x5e ./source/usb_descriptors.o
 *fill*         0x000095ea        0x2 ff
 .rodata        0x000095ec        0x2 ./source/usb_descriptors.o
 .rodata.CLOCK_GetOsc0ErClkFreq.str1.4
                0x000095ee       0x1e ./drivers/fsl_clock.o
 .rodata.CLOCK_GetEr32kClkFreq.str1.4
                0x000095ee       0x1f ./drivers/fsl_clock.o
 *fill*         0x000095ee        0x2 ff
 .rodata.CLOCK_GetFreq
                0x000095f0       0x50 ./drivers/fsl_clock.o
 .rodata.CLOCK_GetOutClkFreq.str1.4
                0x00009640       0x1e ./drivers/fsl_clock.o
 .rodata.CLOCK_SetMcgliteConfig.str1.4
                0x00009640       0x1f ./drivers/fsl_clock.o
 .rodata.lircFreqs.0
                0x00009640        0x8 ./drivers/fsl_clock.o
 .rodata.GPIO_PinInit.str1.4
                0x00009648       0x20 ./drivers/fsl_gpio.o
 .rodata.s_lpuartBases
                0x00009648        0x8 ./drivers/fsl_lpuart.o
 .rodata.s_lpuartClock
                0x00009650        0x8 ./drivers/fsl_lpuart.o
 .rodata.LPUART_GetInstance.str1.4
                0x00009658       0x38 ./drivers/fsl_lpuart.o
 .rodata.LPUART_Init.str1.4
                0x00009658       0x51 ./drivers/fsl_lpuart.o
 .rodata.LPUART_GetDefaultConfig.str1.4
                0x00009658       0x22 ./drivers/fsl_lpuart.o
 .rodata.LPUART_WriteBlocking.str1.4
                0x00009658       0x21 ./drivers/fsl_lpuart.o
 .rodata.s_LpuartAdapterBase
                0x00009658        0x8 ./component/uart/fsl_adapter_lpuart.o
 .rodata.HAL_UartSendBlocking.str1.4
                0x00009660       0x7b ./component/uart/fsl_adapter_lpuart.o
 .rodata.mcgliteConfig_BOARD_BootClockRUN
                0x00009660        0x6 ./board/clock_config.o
                0x00009660                mcgliteConfig_BOARD_BootClockRUN
 *fill*         0x00009666        0x2 ff
 .rodata.simConfig_BOARD_BootClockRUN
                0x00009668        0x8 ./board/clock_config.o
                0x00009668                simConfig_BOARD_BootClockRUN
 .rodata.__num_Ciob_streams
                0x00009670        0x4 /Applications/MCUXpressoIDE_11.10.0_3148/ide/plugins/com.nxp.mcuxpresso.tools.macosx_11.10.0.202311280810/tools/bin/../lib/gcc/arm-none-eabi/13.2.1/../../../../arm-none-eabi/lib/thumb/v6-m/nofp/libcr_nohost_nf.a(__ciob.o)
                0x00009670                __num_Ciob_streams
 .rodata._Csys_alloc.str1.1
                0x00009674       0x53 /Applications/MCUXpressoIDE_11.10.0_3148/ide/plugins/com.nxp.mcuxpresso.tools.macosx_11.10.0.202311280810/tools/bin/../lib/gcc/arm-none-eabi/13.2.1/../../../../arm-none-eabi/lib/thumb/v6-m/nofp/libcr_c.a(alloc.o)
                                 0x18 (size before relaxing)
 .rodata._initio.str1.1
                0x000096c7        0x4 /Applications/MCUXpressoIDE_11.10.0_3148/ide/plugins/com.nxp.mcuxpresso.tools.macosx_11.10.0.202311280810/tools/bin/../lib/gcc/arm-none-eabi/13.2.1/../../../../arm-none-eabi/lib/thumb/v6-m/nofp/libcr_c.a(initio.o)
 .rodata.__vfprintf.str1.1
                0x000096c7       0x38 /Applications/MCUXpressoIDE_11.10.0_3148/ide/plugins/com.nxp.mcuxpresso.tools.macosx_11.10.0.202311280810/tools/bin/../lib/gcc/arm-none-eabi/13.2.1/../../../../arm-none-eabi/lib/thumb/v6-m/nofp/libcr_c.a(printf.o)
                0x00009700                        . = ALIGN (0x4)
 *fill*         0x000096c7        0x1 ff

.glue_7         0x000096c8        0x0
 .glue_7        0x000096c8        0x0 linker stubs

.glue_7t        0x000096c8        0x0
 .glue_7t       0x000096c8        0x0 linker stubs

.vfp11_veneer   0x000096c8        0x0
 .vfp11_veneer  0x000096c8        0x0 linker stubs

.v4_bx          0x000096c8        0x0
 .v4_bx         0x000096c8        0x0 linker stubs

.iplt           0x000096c8        0x0
 .iplt          0x000096c8        0x0 ./utilities/fsl_assert.o

.rel.dyn        0x000096c8        0x0
 .rel.iplt      0x000096c8        0x0 ./utilities/fsl_assert.o

.ARM.extab
 *(SORT_BY_ALIGNMENT(.ARM.extab*) SORT_BY_ALIGNMENT(.gnu.linkonce.armextab.*))

.ARM.exidx      0x000096c8        0x0
                0x000096c8                        __exidx_start = .
 *(SORT_BY_ALIGNMENT(.ARM.exidx*) SORT_BY_ALIGNMENT(.gnu.linkonce.armexidx.*))
                0x000096c8                        __exidx_end = .
                0x000096c8                        _etext = .

.mtb_buffer_default
                0x1fffe000       0x80
 *(SORT_BY_ALIGNMENT(.mtb*))
 .mtb.$RAM1     0x1fffe000       0x80 ./source/mtb.o
                0x1fffe000                __mtb_buffer__

.uninit_RESERVED
                0x1fffe080        0x0
                0x1fffe080                        _start_uninit_RESERVED = .
 *(SORT_BY_ALIGNMENT(.bss.$RESERVED*))
                0x1fffe080                        . = ALIGN (0x4)
                0x1fffe080                        _end_uninit_RESERVED = .

.data           0x1fffe080       0x30 load address 0x000096c8
 FILL mask 0xff
                0x1fffe080                        _data = .
                [!provide]                        PROVIDE (__start_data_RAM = .)
                [!provide]                        PROVIDE (__start_data_SRAM = .)
 *(SORT_BY_ALIGNMENT(vtable))
 *(SORT_BY_ALIGNMENT(.ramfunc*))
 *(SORT_BY_ALIGNMENT(CodeQuickAccess))
 *(SORT_BY_ALIGNMENT(DataQuickAccess))
 *(SORT_BY_ALIGNMENT(RamFunction))
 *(SORT_BY_ALIGNMENT(.data*))
 .data.default_ump_group_terminal_blk_desc
                0x1fffe080       0x12 ./tinyusb-midi2/src/device/usbd.o
 *fill*         0x1fffe092        0x2 ff
 .data._usbd_qdef
                0x1fffe094       0x10 ./tinyusb-midi2/src/device/usbd.o
                0x1fffe094                _usbd_qdef
 .data.blink_interval_ms
                0x1fffe0a4        0x4 ./source/main.o
 .data.SystemCoreClock
                0x1fffe0a8        0x4 ./device/system_K32L2B31A.o
                0x1fffe0a8                SystemCoreClock
 .data._usbd_rhport
                0x1fffe0ac        0x1 ./tinyusb-midi2/src/device/usbd.o
                0x1fffe0b0                        . = ALIGN (0x4)
 *fill*         0x1fffe0ad        0x3 ff
                0x1fffe0b0                        _edata = .
                [!provide]                        PROVIDE (__end_data_RAM = .)
                [!provide]                        PROVIDE (__end_data_SRAM = .)

.igot.plt       0x1fffe0b0        0x0 load address 0x000096f8
 .igot.plt      0x1fffe0b0        0x0 ./utilities/fsl_assert.o

.usb_ram        0x1fffe200      0x6cc load address 0x000096f8
 .usb_ram       0x1fffe200      0x50a ./tinyusb-midi2/src/portable/nxp/khci/dcd_khci.o
 *fill*         0x1fffe70a        0x2 
 .usb_ram       0x1fffe70c      0x180 ./tinyusb-midi2/src/device/usbd.o
                0x1fffe70c                _umpd_itf
 .usb_ram       0x1fffe88c       0x40 ./tinyusb-midi2/src/device/usbd_control.o

.bss            0x1fffe8cc      0x284
                0x1fffe8cc                        _bss = .
                [!provide]                        PROVIDE (__start_bss_RAM = .)
                [!provide]                        PROVIDE (__start_bss_SRAM = .)
 *(SORT_BY_ALIGNMENT(.bss*))
 .bss.s_debugConsoleState
                0x1fffe8cc       0x20 ./utilities/fsl_debug_console.o
 .bss.g_serialHandle
                0x1fffe8ec        0x4 ./utilities/fsl_debug_console.o
                0x1fffe8ec                g_serialHandle
 .bss._usbd_dev
                0x1fffe8f0       0x55 ./tinyusb-midi2/src/device/usbd.o
 *fill*         0x1fffe945        0x3 
 .bss._app_driver
                0x1fffe948        0x4 ./tinyusb-midi2/src/device/usbd.o
 .bss._usbd_qdef_buf
                0x1fffe94c       0xc0 ./tinyusb-midi2/src/device/usbd.o
                0x1fffe94c                _usbd_qdef_buf
 .bss._usbd_q   0x1fffea0c        0x4 ./tinyusb-midi2/src/device/usbd.o
 .bss._ctrl_xfer
                0x1fffea10       0x14 ./tinyusb-midi2/src/device/usbd_control.o
 .bss.system_ticks
                0x1fffea24        0x4 ./source/frdm_k32l2b.o
                0x1fffea24                system_ticks
 .bss.start_ms.2
                0x1fffea28        0x4 ./source/main.o
 .bss.start_ms.1
                0x1fffea2c        0x4 ./source/main.o
 .bss._desc_str
                0x1fffea30       0x40 ./source/usb_descriptors.o
 .bss.g_xtal0Freq
                0x1fffea70        0x4 ./drivers/fsl_clock.o
                0x1fffea70                g_xtal0Freq
 .bss.g_xtal32Freq
                0x1fffea74        0x4 ./drivers/fsl_clock.o
                0x1fffea74                g_xtal32Freq
 .bss.s_lpuartHandle
                0x1fffea78        0x8 ./drivers/fsl_lpuart.o
                0x1fffea78                s_lpuartHandle
 .bss.s_lpuartIsr
                0x1fffea80        0x8 ./drivers/fsl_lpuart.o
                0x1fffea80                s_lpuartIsr
 .bss.errno     0x1fffea88        0x4 /Applications/MCUXpressoIDE_11.10.0_3148/ide/plugins/com.nxp.mcuxpresso.tools.macosx_11.10.0.202311280810/tools/bin/../lib/gcc/arm-none-eabi/13.2.1/../../../../arm-none-eabi/lib/thumb/v6-m/nofp/libcr_c.a(errno.o)
                0x1fffea88                errno
 .bss.__end_of_heap
                0x1fffea8c        0x4 /Applications/MCUXpressoIDE_11.10.0_3148/ide/plugins/com.nxp.mcuxpresso.tools.macosx_11.10.0.202311280810/tools/bin/../lib/gcc/arm-none-eabi/13.2.1/../../../../arm-none-eabi/lib/thumb/v6-m/nofp/libcr_c.a(__init_alloc.o)
                0x1fffea8c                __end_of_heap
 .bss.__heaps   0x1fffea90        0x4 /Applications/MCUXpressoIDE_11.10.0_3148/ide/plugins/com.nxp.mcuxpresso.tools.macosx_11.10.0.202311280810/tools/bin/../lib/gcc/arm-none-eabi/13.2.1/../../../../arm-none-eabi/lib/thumb/v6-m/nofp/libcr_c.a(__init_alloc.o)
                0x1fffea90                __heaps
 .bss.__Ciob    0x1fffea94       0xb4 /Applications/MCUXpressoIDE_11.10.0_3148/ide/plugins/com.nxp.mcuxpresso.tools.macosx_11.10.0.202311280810/tools/bin/../lib/gcc/arm-none-eabi/13.2.1/../../../../arm-none-eabi/lib/thumb/v6-m/nofp/libcr_nohost_nf.a(__ciob.o)
                0x1fffea94                __Ciob
 .bss._app_driver_count
                0x1fffeb48        0x1 ./tinyusb-midi2/src/device/usbd.o
 .bss.button1_pressed
                0x1fffeb49        0x1 ./source/main.o
 .bss.button2_pressed
                0x1fffeb4a        0x1 ./source/main.o
 .bss.button3_pressed
                0x1fffeb4b        0x1 ./source/main.o
 .bss.button2_previous_state
                0x1fffeb4c        0x1 ./source/main.o
 .bss.note_is_on
                0x1fffeb4d        0x1 ./source/main.o
 .bss.led_state.0
                0x1fffeb4e        0x1 ./source/main.o
 *(SORT_BY_ALIGNMENT(COMMON))
                0x1fffeb50                        . = ALIGN (0x4)
 *fill*         0x1fffeb4f        0x1 
                0x1fffeb50                        _ebss = .
                [!provide]                        PROVIDE (__end_bss_RAM = .)
                [!provide]                        PROVIDE (__end_bss_SRAM = .)
                [!provide]                        PROVIDE (end = .)

.noinit         0x1fffeb50        0x0
                0x1fffeb50                        _noinit = .
                [!provide]                        PROVIDE (__start_noinit_RAM = .)
                [!provide]                        PROVIDE (__start_noinit_SRAM = .)
 *(SORT_BY_ALIGNMENT(.noinit*))
                0x1fffeb50                        . = ALIGN (0x4)
                0x1fffeb50                        _end_noinit = .
                [!provide]                        PROVIDE (__end_noinit_RAM = .)
                [!provide]                        PROVIDE (__end_noinit_SRAM = .)
                0x00000800                        _HeapSize = 0x800

.heap           0x1fffeb50      0x800
                0x1fffeb50                        _pvHeapStart = .
                0x1ffff350                        . = (. + _HeapSize)
 *fill*         0x1fffeb50      0x800 
                0x1ffff350                        . = ALIGN (0x4)
                0x1ffff350                        _pvHeapLimit = .
                0x00000800                        _StackSize = 0x800

.heap2stackfill
                0x1ffff350      0x800
                0x1ffffb50                        . = (. + _StackSize)
 *fill*         0x1ffff350      0x800 

.stack          0x20005800        0x0
                0x20005800                        _vStackBase = .
                0x20005800                        . = ALIGN (0x4)
                0x20006000                        _vStackTop = (. + _StackSize)
                0x00000000                        _image_start = LOADADDR (.text)
                0x000096f8                        _image_end = (LOADADDR (.data) + SIZEOF (.data))
                0x000096f8                        _image_size = (_image_end - _image_start)
OUTPUT(K32L2B31A_Project_MIDI2_Shield_Demo.axf elf32-littlearm)
LOAD linker stubs

.debug_info     0x00000000    0x170be
 .debug_info    0x00000000      0x12e ./utilities/fsl_assert.o
 .debug_info    0x0000012e      0xe29 ./utilities/fsl_debug_console.o
 .debug_info    0x00000f57      0xd5e ./utilities/fsl_str.o
 .debug_info    0x00001cb5     0x1b02 ./tinyusb-midi2/src/portable/nxp/khci/dcd_khci.o
 .debug_info    0x000037b7     0x3ad2 ./tinyusb-midi2/src/device/usbd.o
 .debug_info    0x00007289      0x6b1 ./tinyusb-midi2/src/device/usbd_control.o
 .debug_info    0x0000793a     0x1110 ./tinyusb-midi2/src/common/tusb_fifo.o
 .debug_info    0x00008a4a      0xfb6 ./tinyusb-midi2/src/tusb.o
 .debug_info    0x00009a00      0x686 ./startup/startup_k32l2b31a.o
 .debug_info    0x0000a086     0x13e0 ./source/frdm_k32l2b.o
 .debug_info    0x0000b466      0x965 ./source/main.o
 .debug_info    0x0000bdcb       0x53 ./source/mtb.o
 .debug_info    0x0000be1e       0x3c ./source/semihost_hardfault.o
 .debug_info    0x0000be5a      0x6d2 ./source/usb_descriptors.o
 .debug_info    0x0000c52c     0x1349 ./drivers/fsl_clock.o
 .debug_info    0x0000d875      0x8c9 ./drivers/fsl_gpio.o
 .debug_info    0x0000e13e     0x1ca6 ./drivers/fsl_lpuart.o
 .debug_info    0x0000fde4      0x3fb ./device/system_K32L2B31A.o
 .debug_info    0x000101df      0xacc ./component/uart/fsl_adapter_lpuart.o
 .debug_info    0x00010cab      0xd99 ./component/serial_manager/fsl_component_serial_manager.o
 .debug_info    0x00011a44      0x551 ./component/serial_manager/fsl_component_serial_port_uart.o
 .debug_info    0x00011f95      0x6bb ./board/board.o
 .debug_info    0x00012650      0xa6b ./board/clock_config.o
 .debug_info    0x000130bb       0x85 /Applications/MCUXpressoIDE_11.10.0_3148/ide/plugins/com.nxp.mcuxpresso.tools.macosx_11.10.0.202311280810/tools/bin/../lib/gcc/arm-none-eabi/13.2.1/../../../../arm-none-eabi/lib/thumb/v6-m/nofp/libcr_nohost_nf.a(_cr__main.o)
 .debug_info    0x00013140      0x12b /Applications/MCUXpressoIDE_11.10.0_3148/ide/plugins/com.nxp.mcuxpresso.tools.macosx_11.10.0.202311280810/tools/bin/../lib/gcc/arm-none-eabi/13.2.1/../../../../arm-none-eabi/lib/thumb/v6-m/nofp/libcr_c.a(memcpy.o)
 .debug_info    0x0001326b       0xfc /Applications/MCUXpressoIDE_11.10.0_3148/ide/plugins/com.nxp.mcuxpresso.tools.macosx_11.10.0.202311280810/tools/bin/../lib/gcc/arm-none-eabi/13.2.1/../../../../arm-none-eabi/lib/thumb/v6-m/nofp/libcr_c.a(memset.o)
 .debug_info    0x00013367      0x526 /Applications/MCUXpressoIDE_11.10.0_3148/ide/plugins/com.nxp.mcuxpresso.tools.macosx_11.10.0.202311280810/tools/bin/../lib/gcc/arm-none-eabi/13.2.1/../../../../arm-none-eabi/lib/thumb/v6-m/nofp/libcr_c.a(alloc.o)
 .debug_info    0x0001388d       0x44 /Applications/MCUXpressoIDE_11.10.0_3148/ide/plugins/com.nxp.mcuxpresso.tools.macosx_11.10.0.202311280810/tools/bin/../lib/gcc/arm-none-eabi/13.2.1/../../../../arm-none-eabi/lib/thumb/v6-m/nofp/libcr_c.a(errno.o)
 .debug_info    0x000138d1      0x353 /Applications/MCUXpressoIDE_11.10.0_3148/ide/plugins/com.nxp.mcuxpresso.tools.macosx_11.10.0.202311280810/tools/bin/../lib/gcc/arm-none-eabi/13.2.1/../../../../arm-none-eabi/lib/thumb/v6-m/nofp/libcr_c.a(initio.o)
 .debug_info    0x00013c24     0x12cc /Applications/MCUXpressoIDE_11.10.0_3148/ide/plugins/com.nxp.mcuxpresso.tools.macosx_11.10.0.202311280810/tools/bin/../lib/gcc/arm-none-eabi/13.2.1/../../../../arm-none-eabi/lib/thumb/v6-m/nofp/libcr_c.a(printf.o)
 .debug_info    0x00014ef0      0x1fd /Applications/MCUXpressoIDE_11.10.0_3148/ide/plugins/com.nxp.mcuxpresso.tools.macosx_11.10.0.202311280810/tools/bin/../lib/gcc/arm-none-eabi/13.2.1/../../../../arm-none-eabi/lib/thumb/v6-m/nofp/libcr_c.a(setvbuf.o)
 .debug_info    0x000150ed       0xdd /Applications/MCUXpressoIDE_11.10.0_3148/ide/plugins/com.nxp.mcuxpresso.tools.macosx_11.10.0.202311280810/tools/bin/../lib/gcc/arm-none-eabi/13.2.1/../../../../arm-none-eabi/lib/thumb/v6-m/nofp/libcr_c.a(strlen.o)
 .debug_info    0x000151ca       0xd4 /Applications/MCUXpressoIDE_11.10.0_3148/ide/plugins/com.nxp.mcuxpresso.tools.macosx_11.10.0.202311280810/tools/bin/../lib/gcc/arm-none-eabi/13.2.1/../../../../arm-none-eabi/lib/thumb/v6-m/nofp/libcr_c.a(__init_alloc.o)
 .debug_info    0x0001529e      0x107 /Applications/MCUXpressoIDE_11.10.0_3148/ide/plugins/com.nxp.mcuxpresso.tools.macosx_11.10.0.202311280810/tools/bin/../lib/gcc/arm-none-eabi/13.2.1/../../../../arm-none-eabi/lib/thumb/v6-m/nofp/libcr_c.a(_cr_sbrk.o)
 .debug_info    0x000153a5      0x364 /Applications/MCUXpressoIDE_11.10.0_3148/ide/plugins/com.nxp.mcuxpresso.tools.macosx_11.10.0.202311280810/tools/bin/../lib/gcc/arm-none-eabi/13.2.1/../../../../arm-none-eabi/lib/thumb/v6-m/nofp/libcr_c.a(_deferredlazyseek.o)
 .debug_info    0x00015709      0x24b /Applications/MCUXpressoIDE_11.10.0_3148/ide/plugins/com.nxp.mcuxpresso.tools.macosx_11.10.0.202311280810/tools/bin/../lib/gcc/arm-none-eabi/13.2.1/../../../../arm-none-eabi/lib/thumb/v6-m/nofp/libcr_c.a(_fdopen.o)
 .debug_info    0x00015954      0x1ea /Applications/MCUXpressoIDE_11.10.0_3148/ide/plugins/com.nxp.mcuxpresso.tools.macosx_11.10.0.202311280810/tools/bin/../lib/gcc/arm-none-eabi/13.2.1/../../../../arm-none-eabi/lib/thumb/v6-m/nofp/libcr_c.a(_fflush.o)
 .debug_info    0x00015b3e      0x28a /Applications/MCUXpressoIDE_11.10.0_3148/ide/plugins/com.nxp.mcuxpresso.tools.macosx_11.10.0.202311280810/tools/bin/../lib/gcc/arm-none-eabi/13.2.1/../../../../arm-none-eabi/lib/thumb/v6-m/nofp/libcr_c.a(_writebuf.o)
 .debug_info    0x00015dc8      0x325 /Applications/MCUXpressoIDE_11.10.0_3148/ide/plugins/com.nxp.mcuxpresso.tools.macosx_11.10.0.202311280810/tools/bin/../lib/gcc/arm-none-eabi/13.2.1/../../../../arm-none-eabi/lib/thumb/v6-m/nofp/libcr_c.a(fclose.o)
 .debug_info    0x000160ed      0x210 /Applications/MCUXpressoIDE_11.10.0_3148/ide/plugins/com.nxp.mcuxpresso.tools.macosx_11.10.0.202311280810/tools/bin/../lib/gcc/arm-none-eabi/13.2.1/../../../../arm-none-eabi/lib/thumb/v6-m/nofp/libcr_c.a(fflush.o)
 .debug_info    0x000162fd      0x27f /Applications/MCUXpressoIDE_11.10.0_3148/ide/plugins/com.nxp.mcuxpresso.tools.macosx_11.10.0.202311280810/tools/bin/../lib/gcc/arm-none-eabi/13.2.1/../../../../arm-none-eabi/lib/thumb/v6-m/nofp/libcr_c.a(fseek.o)
 .debug_info    0x0001657c      0x197 /Applications/MCUXpressoIDE_11.10.0_3148/ide/plugins/com.nxp.mcuxpresso.tools.macosx_11.10.0.202311280810/tools/bin/../lib/gcc/arm-none-eabi/13.2.1/../../../../arm-none-eabi/lib/thumb/v6-m/nofp/libcr_c.a(ftell.o)
 .debug_info    0x00016713      0x1d0 /Applications/MCUXpressoIDE_11.10.0_3148/ide/plugins/com.nxp.mcuxpresso.tools.macosx_11.10.0.202311280810/tools/bin/../lib/gcc/arm-none-eabi/13.2.1/../../../../arm-none-eabi/lib/thumb/v6-m/nofp/libcr_c.a(remove.o)
 .debug_info    0x000168e3       0x71 /Applications/MCUXpressoIDE_11.10.0_3148/ide/plugins/com.nxp.mcuxpresso.tools.macosx_11.10.0.202311280810/tools/bin/../lib/gcc/arm-none-eabi/13.2.1/../../../../arm-none-eabi/lib/thumb/v6-m/nofp/libcr_c.a(_cr_check_heap.o)
 .debug_info    0x00016954      0x241 /Applications/MCUXpressoIDE_11.10.0_3148/ide/plugins/com.nxp.mcuxpresso.tools.macosx_11.10.0.202311280810/tools/bin/../lib/gcc/arm-none-eabi/13.2.1/../../../../arm-none-eabi/lib/thumb/v6-m/nofp/libcr_c.a(_do_fflush.o)
 .debug_info    0x00016b95      0x18b /Applications/MCUXpressoIDE_11.10.0_3148/ide/plugins/com.nxp.mcuxpresso.tools.macosx_11.10.0.202311280810/tools/bin/../lib/gcc/arm-none-eabi/13.2.1/../../../../arm-none-eabi/lib/thumb/v6-m/nofp/libcr_nohost_nf.a(__ciob.o)
 .debug_info    0x00016d20       0x38 /Applications/MCUXpressoIDE_11.10.0_3148/ide/plugins/com.nxp.mcuxpresso.tools.macosx_11.10.0.202311280810/tools/bin/../lib/gcc/arm-none-eabi/13.2.1/../../../../arm-none-eabi/lib/thumb/v6-m/nofp/libcr_nohost_nf.a(__sys_appexit.o)
 .debug_info    0x00016d58       0x6a /Applications/MCUXpressoIDE_11.10.0_3148/ide/plugins/com.nxp.mcuxpresso.tools.macosx_11.10.0.202311280810/tools/bin/../lib/gcc/arm-none-eabi/13.2.1/../../../../arm-none-eabi/lib/thumb/v6-m/nofp/libcr_nohost_nf.a(__sys_close.o)
 .debug_info    0x00016dc2       0x6a /Applications/MCUXpressoIDE_11.10.0_3148/ide/plugins/com.nxp.mcuxpresso.tools.macosx_11.10.0.202311280810/tools/bin/../lib/gcc/arm-none-eabi/13.2.1/../../../../arm-none-eabi/lib/thumb/v6-m/nofp/libcr_nohost_nf.a(__sys_flen.o)
 .debug_info    0x00016e2c       0x6a /Applications/MCUXpressoIDE_11.10.0_3148/ide/plugins/com.nxp.mcuxpresso.tools.macosx_11.10.0.202311280810/tools/bin/../lib/gcc/arm-none-eabi/13.2.1/../../../../arm-none-eabi/lib/thumb/v6-m/nofp/libcr_nohost_nf.a(__sys_istty.o)
 .debug_info    0x00016e96       0x8a /Applications/MCUXpressoIDE_11.10.0_3148/ide/plugins/com.nxp.mcuxpresso.tools.macosx_11.10.0.202311280810/tools/bin/../lib/gcc/arm-none-eabi/13.2.1/../../../../arm-none-eabi/lib/thumb/v6-m/nofp/libcr_nohost_nf.a(__sys_remove.o)
 .debug_info    0x00016f20       0x78 /Applications/MCUXpressoIDE_11.10.0_3148/ide/plugins/com.nxp.mcuxpresso.tools.macosx_11.10.0.202311280810/tools/bin/../lib/gcc/arm-none-eabi/13.2.1/../../../../arm-none-eabi/lib/thumb/v6-m/nofp/libcr_nohost_nf.a(__sys_seek.o)
 .debug_info    0x00016f98       0x93 /Applications/MCUXpressoIDE_11.10.0_3148/ide/plugins/com.nxp.mcuxpresso.tools.macosx_11.10.0.202311280810/tools/bin/../lib/gcc/arm-none-eabi/13.2.1/../../../../arm-none-eabi/lib/thumb/v6-m/nofp/libcr_nohost_nf.a(__sys_tmpnam.o)
 .debug_info    0x0001702b       0x93 /Applications/MCUXpressoIDE_11.10.0_3148/ide/plugins/com.nxp.mcuxpresso.tools.macosx_11.10.0.202311280810/tools/bin/../lib/gcc/arm-none-eabi/13.2.1/../../../../arm-none-eabi/lib/thumb/v6-m/nofp/libcr_nohost_nf.a(__sys_write.o)

.debug_abbrev   0x00000000     0x5385
 .debug_abbrev  0x00000000       0xbd ./utilities/fsl_assert.o
 .debug_abbrev  0x000000bd      0x270 ./utilities/fsl_debug_console.o
 .debug_abbrev  0x0000032d      0x270 ./utilities/fsl_str.o
 .debug_abbrev  0x0000059d      0x514 ./tinyusb-midi2/src/portable/nxp/khci/dcd_khci.o
 .debug_abbrev  0x00000ab1      0x5df ./tinyusb-midi2/src/device/usbd.o
 .debug_abbrev  0x00001090      0x2b8 ./tinyusb-midi2/src/device/usbd_control.o
 .debug_abbrev  0x00001348      0x2e9 ./tinyusb-midi2/src/common/tusb_fifo.o
 .debug_abbrev  0x00001631      0x376 ./tinyusb-midi2/src/tusb.o
 .debug_abbrev  0x000019a7      0x1a7 ./startup/startup_k32l2b31a.o
 .debug_abbrev  0x00001b4e      0x3a2 ./source/frdm_k32l2b.o
 .debug_abbrev  0x00001ef0      0x253 ./source/main.o
 .debug_abbrev  0x00002143       0x46 ./source/mtb.o
 .debug_abbrev  0x00002189       0x31 ./source/semihost_hardfault.o
 .debug_abbrev  0x000021ba      0x1bf ./source/usb_descriptors.o
 .debug_abbrev  0x00002379      0x2cf ./drivers/fsl_clock.o
 .debug_abbrev  0x00002648      0x248 ./drivers/fsl_gpio.o
 .debug_abbrev  0x00002890      0x44a ./drivers/fsl_lpuart.o
 .debug_abbrev  0x00002cda      0x148 ./device/system_K32L2B31A.o
 .debug_abbrev  0x00002e22      0x1e7 ./component/uart/fsl_adapter_lpuart.o
 .debug_abbrev  0x00003009      0x2bb ./component/serial_manager/fsl_component_serial_manager.o
 .debug_abbrev  0x000032c4      0x18c ./component/serial_manager/fsl_component_serial_port_uart.o
 .debug_abbrev  0x00003450      0x1cc ./board/board.o
 .debug_abbrev  0x0000361c      0x1cf ./board/clock_config.o
 .debug_abbrev  0x000037eb       0x62 /Applications/MCUXpressoIDE_11.10.0_3148/ide/plugins/com.nxp.mcuxpresso.tools.macosx_11.10.0.202311280810/tools/bin/../lib/gcc/arm-none-eabi/13.2.1/../../../../arm-none-eabi/lib/thumb/v6-m/nofp/libcr_nohost_nf.a(_cr__main.o)
 .debug_abbrev  0x0000384d       0xb3 /Applications/MCUXpressoIDE_11.10.0_3148/ide/plugins/com.nxp.mcuxpresso.tools.macosx_11.10.0.202311280810/tools/bin/../lib/gcc/arm-none-eabi/13.2.1/../../../../arm-none-eabi/lib/thumb/v6-m/nofp/libcr_c.a(memcpy.o)
 .debug_abbrev  0x00003900       0xa5 /Applications/MCUXpressoIDE_11.10.0_3148/ide/plugins/com.nxp.mcuxpresso.tools.macosx_11.10.0.202311280810/tools/bin/../lib/gcc/arm-none-eabi/13.2.1/../../../../arm-none-eabi/lib/thumb/v6-m/nofp/libcr_c.a(memset.o)
 .debug_abbrev  0x000039a5      0x27b /Applications/MCUXpressoIDE_11.10.0_3148/ide/plugins/com.nxp.mcuxpresso.tools.macosx_11.10.0.202311280810/tools/bin/../lib/gcc/arm-none-eabi/13.2.1/../../../../arm-none-eabi/lib/thumb/v6-m/nofp/libcr_c.a(alloc.o)
 .debug_abbrev  0x00003c20       0x44 /Applications/MCUXpressoIDE_11.10.0_3148/ide/plugins/com.nxp.mcuxpresso.tools.macosx_11.10.0.202311280810/tools/bin/../lib/gcc/arm-none-eabi/13.2.1/../../../../arm-none-eabi/lib/thumb/v6-m/nofp/libcr_c.a(errno.o)
 .debug_abbrev  0x00003c64      0x14b /Applications/MCUXpressoIDE_11.10.0_3148/ide/plugins/com.nxp.mcuxpresso.tools.macosx_11.10.0.202311280810/tools/bin/../lib/gcc/arm-none-eabi/13.2.1/../../../../arm-none-eabi/lib/thumb/v6-m/nofp/libcr_c.a(initio.o)
 .debug_abbrev  0x00003daf      0x3af /Applications/MCUXpressoIDE_11.10.0_3148/ide/plugins/com.nxp.mcuxpresso.tools.macosx_11.10.0.202311280810/tools/bin/../lib/gcc/arm-none-eabi/13.2.1/../../../../arm-none-eabi/lib/thumb/v6-m/nofp/libcr_c.a(printf.o)
 .debug_abbrev  0x0000415e       0xe1 /Applications/MCUXpressoIDE_11.10.0_3148/ide/plugins/com.nxp.mcuxpresso.tools.macosx_11.10.0.202311280810/tools/bin/../lib/gcc/arm-none-eabi/13.2.1/../../../../arm-none-eabi/lib/thumb/v6-m/nofp/libcr_c.a(setvbuf.o)
 .debug_abbrev  0x0000423f       0xa5 /Applications/MCUXpressoIDE_11.10.0_3148/ide/plugins/com.nxp.mcuxpresso.tools.macosx_11.10.0.202311280810/tools/bin/../lib/gcc/arm-none-eabi/13.2.1/../../../../arm-none-eabi/lib/thumb/v6-m/nofp/libcr_c.a(strlen.o)
 .debug_abbrev  0x000042e4       0xaf /Applications/MCUXpressoIDE_11.10.0_3148/ide/plugins/com.nxp.mcuxpresso.tools.macosx_11.10.0.202311280810/tools/bin/../lib/gcc/arm-none-eabi/13.2.1/../../../../arm-none-eabi/lib/thumb/v6-m/nofp/libcr_c.a(__init_alloc.o)
 .debug_abbrev  0x00004393       0xd3 /Applications/MCUXpressoIDE_11.10.0_3148/ide/plugins/com.nxp.mcuxpresso.tools.macosx_11.10.0.202311280810/tools/bin/../lib/gcc/arm-none-eabi/13.2.1/../../../../arm-none-eabi/lib/thumb/v6-m/nofp/libcr_c.a(_cr_sbrk.o)
 .debug_abbrev  0x00004466      0x147 /Applications/MCUXpressoIDE_11.10.0_3148/ide/plugins/com.nxp.mcuxpresso.tools.macosx_11.10.0.202311280810/tools/bin/../lib/gcc/arm-none-eabi/13.2.1/../../../../arm-none-eabi/lib/thumb/v6-m/nofp/libcr_c.a(_deferredlazyseek.o)
 .debug_abbrev  0x000045ad      0x119 /Applications/MCUXpressoIDE_11.10.0_3148/ide/plugins/com.nxp.mcuxpresso.tools.macosx_11.10.0.202311280810/tools/bin/../lib/gcc/arm-none-eabi/13.2.1/../../../../arm-none-eabi/lib/thumb/v6-m/nofp/libcr_c.a(_fdopen.o)
 .debug_abbrev  0x000046c6       0xf1 /Applications/MCUXpressoIDE_11.10.0_3148/ide/plugins/com.nxp.mcuxpresso.tools.macosx_11.10.0.202311280810/tools/bin/../lib/gcc/arm-none-eabi/13.2.1/../../../../arm-none-eabi/lib/thumb/v6-m/nofp/libcr_c.a(_fflush.o)
 .debug_abbrev  0x000047b7      0x126 /Applications/MCUXpressoIDE_11.10.0_3148/ide/plugins/com.nxp.mcuxpresso.tools.macosx_11.10.0.202311280810/tools/bin/../lib/gcc/arm-none-eabi/13.2.1/../../../../arm-none-eabi/lib/thumb/v6-m/nofp/libcr_c.a(_writebuf.o)
 .debug_abbrev  0x000048dd      0x158 /Applications/MCUXpressoIDE_11.10.0_3148/ide/plugins/com.nxp.mcuxpresso.tools.macosx_11.10.0.202311280810/tools/bin/../lib/gcc/arm-none-eabi/13.2.1/../../../../arm-none-eabi/lib/thumb/v6-m/nofp/libcr_c.a(fclose.o)
 .debug_abbrev  0x00004a35      0x122 /Applications/MCUXpressoIDE_11.10.0_3148/ide/plugins/com.nxp.mcuxpresso.tools.macosx_11.10.0.202311280810/tools/bin/../lib/gcc/arm-none-eabi/13.2.1/../../../../arm-none-eabi/lib/thumb/v6-m/nofp/libcr_c.a(fflush.o)
 .debug_abbrev  0x00004b57      0x11b /Applications/MCUXpressoIDE_11.10.0_3148/ide/plugins/com.nxp.mcuxpresso.tools.macosx_11.10.0.202311280810/tools/bin/../lib/gcc/arm-none-eabi/13.2.1/../../../../arm-none-eabi/lib/thumb/v6-m/nofp/libcr_c.a(fseek.o)
 .debug_abbrev  0x00004c72       0xc2 /Applications/MCUXpressoIDE_11.10.0_3148/ide/plugins/com.nxp.mcuxpresso.tools.macosx_11.10.0.202311280810/tools/bin/../lib/gcc/arm-none-eabi/13.2.1/../../../../arm-none-eabi/lib/thumb/v6-m/nofp/libcr_c.a(ftell.o)
 .debug_abbrev  0x00004d34       0xed /Applications/MCUXpressoIDE_11.10.0_3148/ide/plugins/com.nxp.mcuxpresso.tools.macosx_11.10.0.202311280810/tools/bin/../lib/gcc/arm-none-eabi/13.2.1/../../../../arm-none-eabi/lib/thumb/v6-m/nofp/libcr_c.a(remove.o)
 .debug_abbrev  0x00004e21       0x6b /Applications/MCUXpressoIDE_11.10.0_3148/ide/plugins/com.nxp.mcuxpresso.tools.macosx_11.10.0.202311280810/tools/bin/../lib/gcc/arm-none-eabi/13.2.1/../../../../arm-none-eabi/lib/thumb/v6-m/nofp/libcr_c.a(_cr_check_heap.o)
 .debug_abbrev  0x00004e8c      0x12c /Applications/MCUXpressoIDE_11.10.0_3148/ide/plugins/com.nxp.mcuxpresso.tools.macosx_11.10.0.202311280810/tools/bin/../lib/gcc/arm-none-eabi/13.2.1/../../../../arm-none-eabi/lib/thumb/v6-m/nofp/libcr_c.a(_do_fflush.o)
 .debug_abbrev  0x00004fb8       0xb5 /Applications/MCUXpressoIDE_11.10.0_3148/ide/plugins/com.nxp.mcuxpresso.tools.macosx_11.10.0.202311280810/tools/bin/../lib/gcc/arm-none-eabi/13.2.1/../../../../arm-none-eabi/lib/thumb/v6-m/nofp/libcr_nohost_nf.a(__ciob.o)
 .debug_abbrev  0x0000506d       0x2e /Applications/MCUXpressoIDE_11.10.0_3148/ide/plugins/com.nxp.mcuxpresso.tools.macosx_11.10.0.202311280810/tools/bin/../lib/gcc/arm-none-eabi/13.2.1/../../../../arm-none-eabi/lib/thumb/v6-m/nofp/libcr_nohost_nf.a(__sys_appexit.o)
 .debug_abbrev  0x0000509b       0x5c /Applications/MCUXpressoIDE_11.10.0_3148/ide/plugins/com.nxp.mcuxpresso.tools.macosx_11.10.0.202311280810/tools/bin/../lib/gcc/arm-none-eabi/13.2.1/../../../../arm-none-eabi/lib/thumb/v6-m/nofp/libcr_nohost_nf.a(__sys_close.o)
 .debug_abbrev  0x000050f7       0x5c /Applications/MCUXpressoIDE_11.10.0_3148/ide/plugins/com.nxp.mcuxpresso.tools.macosx_11.10.0.202311280810/tools/bin/../lib/gcc/arm-none-eabi/13.2.1/../../../../arm-none-eabi/lib/thumb/v6-m/nofp/libcr_nohost_nf.a(__sys_flen.o)
 .debug_abbrev  0x00005153       0x5c /Applications/MCUXpressoIDE_11.10.0_3148/ide/plugins/com.nxp.mcuxpresso.tools.macosx_11.10.0.202311280810/tools/bin/../lib/gcc/arm-none-eabi/13.2.1/../../../../arm-none-eabi/lib/thumb/v6-m/nofp/libcr_nohost_nf.a(__sys_istty.o)
 .debug_abbrev  0x000051af       0x7d /Applications/MCUXpressoIDE_11.10.0_3148/ide/plugins/com.nxp.mcuxpresso.tools.macosx_11.10.0.202311280810/tools/bin/../lib/gcc/arm-none-eabi/13.2.1/../../../../arm-none-eabi/lib/thumb/v6-m/nofp/libcr_nohost_nf.a(__sys_remove.o)
 .debug_abbrev  0x0000522c       0x6d /Applications/MCUXpressoIDE_11.10.0_3148/ide/plugins/com.nxp.mcuxpresso.tools.macosx_11.10.0.202311280810/tools/bin/../lib/gcc/arm-none-eabi/13.2.1/../../../../arm-none-eabi/lib/thumb/v6-m/nofp/libcr_nohost_nf.a(__sys_seek.o)
 .debug_abbrev  0x00005299       0x76 /Applications/MCUXpressoIDE_11.10.0_3148/ide/plugins/com.nxp.mcuxpresso.tools.macosx_11.10.0.202311280810/tools/bin/../lib/gcc/arm-none-eabi/13.2.1/../../../../arm-none-eabi/lib/thumb/v6-m/nofp/libcr_nohost_nf.a(__sys_tmpnam.o)
 .debug_abbrev  0x0000530f       0x76 /Applications/MCUXpressoIDE_11.10.0_3148/ide/plugins/com.nxp.mcuxpresso.tools.macosx_11.10.0.202311280810/tools/bin/../lib/gcc/arm-none-eabi/13.2.1/../../../../arm-none-eabi/lib/thumb/v6-m/nofp/libcr_nohost_nf.a(__sys_write.o)

.debug_aranges  0x00000000     0x1238
 .debug_aranges
                0x00000000       0x28 ./utilities/fsl_assert.o
 .debug_aranges
                0x00000028       0xa8 ./utilities/fsl_debug_console.o
 .debug_aranges
                0x000000d0       0xe8 ./utilities/fsl_str.o
 .debug_aranges
                0x000001b8       0xe0 ./tinyusb-midi2/src/portable/nxp/khci/dcd_khci.o
 .debug_aranges
                0x00000298      0x1d0 ./tinyusb-midi2/src/device/usbd.o
 .debug_aranges
                0x00000468       0x60 ./tinyusb-midi2/src/device/usbd_control.o
 .debug_aranges
                0x000004c8       0xf8 ./tinyusb-midi2/src/common/tusb_fifo.o
 .debug_aranges
                0x000005c0       0xa0 ./tinyusb-midi2/src/tusb.o
 .debug_aranges
                0x00000660      0x160 ./startup/startup_k32l2b31a.o
 .debug_aranges
                0x000007c0       0x98 ./source/frdm_k32l2b.o
 .debug_aranges
                0x00000858       0x80 ./source/main.o
 .debug_aranges
                0x000008d8       0x18 ./source/mtb.o
 .debug_aranges
                0x000008f0       0x20 ./source/semihost_hardfault.o
 .debug_aranges
                0x00000910       0x40 ./source/usb_descriptors.o
 .debug_aranges
                0x00000950       0xd0 ./drivers/fsl_clock.o
 .debug_aranges
                0x00000a20       0x68 ./drivers/fsl_gpio.o
 .debug_aranges
                0x00000a88      0x160 ./drivers/fsl_lpuart.o
 .debug_aranges
                0x00000be8       0x30 ./device/system_K32L2B31A.o
 .debug_aranges
                0x00000c18       0x58 ./component/uart/fsl_adapter_lpuart.o
 .debug_aranges
                0x00000c70       0xa0 ./component/serial_manager/fsl_component_serial_manager.o
 .debug_aranges
                0x00000d10       0x48 ./component/serial_manager/fsl_component_serial_port_uart.o
 .debug_aranges
                0x00000d58       0x40 ./board/board.o
 .debug_aranges
                0x00000d98       0x48 ./board/clock_config.o
 .debug_aranges
                0x00000de0       0x20 /Applications/MCUXpressoIDE_11.10.0_3148/ide/plugins/com.nxp.mcuxpresso.tools.macosx_11.10.0.202311280810/tools/bin/../lib/gcc/arm-none-eabi/13.2.1/../../../../arm-none-eabi/lib/thumb/v6-m/nofp/libcr_nohost_nf.a(_cr__main.o)
 .debug_aranges
                0x00000e00       0x20 /Applications/MCUXpressoIDE_11.10.0_3148/ide/plugins/com.nxp.mcuxpresso.tools.macosx_11.10.0.202311280810/tools/bin/../lib/gcc/arm-none-eabi/13.2.1/../../../../arm-none-eabi/lib/thumb/v6-m/nofp/libcr_c.a(memcpy.o)
 .debug_aranges
                0x00000e20       0x20 /Applications/MCUXpressoIDE_11.10.0_3148/ide/plugins/com.nxp.mcuxpresso.tools.macosx_11.10.0.202311280810/tools/bin/../lib/gcc/arm-none-eabi/13.2.1/../../../../arm-none-eabi/lib/thumb/v6-m/nofp/libcr_c.a(memset.o)
 .debug_aranges
                0x00000e40       0x40 /Applications/MCUXpressoIDE_11.10.0_3148/ide/plugins/com.nxp.mcuxpresso.tools.macosx_11.10.0.202311280810/tools/bin/../lib/gcc/arm-none-eabi/13.2.1/../../../../arm-none-eabi/lib/thumb/v6-m/nofp/libcr_c.a(alloc.o)
 .debug_aranges
                0x00000e80       0x18 /Applications/MCUXpressoIDE_11.10.0_3148/ide/plugins/com.nxp.mcuxpresso.tools.macosx_11.10.0.202311280810/tools/bin/../lib/gcc/arm-none-eabi/13.2.1/../../../../arm-none-eabi/lib/thumb/v6-m/nofp/libcr_c.a(errno.o)
 .debug_aranges
                0x00000e98       0x28 /Applications/MCUXpressoIDE_11.10.0_3148/ide/plugins/com.nxp.mcuxpresso.tools.macosx_11.10.0.202311280810/tools/bin/../lib/gcc/arm-none-eabi/13.2.1/../../../../arm-none-eabi/lib/thumb/v6-m/nofp/libcr_c.a(initio.o)
 .debug_aranges
                0x00000ec0       0x70 /Applications/MCUXpressoIDE_11.10.0_3148/ide/plugins/com.nxp.mcuxpresso.tools.macosx_11.10.0.202311280810/tools/bin/../lib/gcc/arm-none-eabi/13.2.1/../../../../arm-none-eabi/lib/thumb/v6-m/nofp/libcr_c.a(printf.o)
 .debug_aranges
                0x00000f30       0x20 /Applications/MCUXpressoIDE_11.10.0_3148/ide/plugins/com.nxp.mcuxpresso.tools.macosx_11.10.0.202311280810/tools/bin/../lib/gcc/arm-none-eabi/13.2.1/../../../../arm-none-eabi/lib/thumb/v6-m/nofp/libcr_c.a(setvbuf.o)
 .debug_aranges
                0x00000f50       0x20 /Applications/MCUXpressoIDE_11.10.0_3148/ide/plugins/com.nxp.mcuxpresso.tools.macosx_11.10.0.202311280810/tools/bin/../lib/gcc/arm-none-eabi/13.2.1/../../../../arm-none-eabi/lib/thumb/v6-m/nofp/libcr_c.a(strlen.o)
 .debug_aranges
                0x00000f70       0x20 /Applications/MCUXpressoIDE_11.10.0_3148/ide/plugins/com.nxp.mcuxpresso.tools.macosx_11.10.0.202311280810/tools/bin/../lib/gcc/arm-none-eabi/13.2.1/../../../../arm-none-eabi/lib/thumb/v6-m/nofp/libcr_c.a(__init_alloc.o)
 .debug_aranges
                0x00000f90       0x20 /Applications/MCUXpressoIDE_11.10.0_3148/ide/plugins/com.nxp.mcuxpresso.tools.macosx_11.10.0.202311280810/tools/bin/../lib/gcc/arm-none-eabi/13.2.1/../../../../arm-none-eabi/lib/thumb/v6-m/nofp/libcr_c.a(_cr_sbrk.o)
 .debug_aranges
                0x00000fb0       0x28 /Applications/MCUXpressoIDE_11.10.0_3148/ide/plugins/com.nxp.mcuxpresso.tools.macosx_11.10.0.202311280810/tools/bin/../lib/gcc/arm-none-eabi/13.2.1/../../../../arm-none-eabi/lib/thumb/v6-m/nofp/libcr_c.a(_deferredlazyseek.o)
 .debug_aranges
                0x00000fd8       0x20 /Applications/MCUXpressoIDE_11.10.0_3148/ide/plugins/com.nxp.mcuxpresso.tools.macosx_11.10.0.202311280810/tools/bin/../lib/gcc/arm-none-eabi/13.2.1/../../../../arm-none-eabi/lib/thumb/v6-m/nofp/libcr_c.a(_fdopen.o)
 .debug_aranges
                0x00000ff8       0x20 /Applications/MCUXpressoIDE_11.10.0_3148/ide/plugins/com.nxp.mcuxpresso.tools.macosx_11.10.0.202311280810/tools/bin/../lib/gcc/arm-none-eabi/13.2.1/../../../../arm-none-eabi/lib/thumb/v6-m/nofp/libcr_c.a(_fflush.o)
 .debug_aranges
                0x00001018       0x20 /Applications/MCUXpressoIDE_11.10.0_3148/ide/plugins/com.nxp.mcuxpresso.tools.macosx_11.10.0.202311280810/tools/bin/../lib/gcc/arm-none-eabi/13.2.1/../../../../arm-none-eabi/lib/thumb/v6-m/nofp/libcr_c.a(_writebuf.o)
 .debug_aranges
                0x00001038       0x20 /Applications/MCUXpressoIDE_11.10.0_3148/ide/plugins/com.nxp.mcuxpresso.tools.macosx_11.10.0.202311280810/tools/bin/../lib/gcc/arm-none-eabi/13.2.1/../../../../arm-none-eabi/lib/thumb/v6-m/nofp/libcr_c.a(fclose.o)
 .debug_aranges
                0x00001058       0x20 /Applications/MCUXpressoIDE_11.10.0_3148/ide/plugins/com.nxp.mcuxpresso.tools.macosx_11.10.0.202311280810/tools/bin/../lib/gcc/arm-none-eabi/13.2.1/../../../../arm-none-eabi/lib/thumb/v6-m/nofp/libcr_c.a(fflush.o)
 .debug_aranges
                0x00001078       0x20 /Applications/MCUXpressoIDE_11.10.0_3148/ide/plugins/com.nxp.mcuxpresso.tools.macosx_11.10.0.202311280810/tools/bin/../lib/gcc/arm-none-eabi/13.2.1/../../../../arm-none-eabi/lib/thumb/v6-m/nofp/libcr_c.a(fseek.o)
 .debug_aranges
                0x00001098       0x20 /Applications/MCUXpressoIDE_11.10.0_3148/ide/plugins/com.nxp.mcuxpresso.tools.macosx_11.10.0.202311280810/tools/bin/../lib/gcc/arm-none-eabi/13.2.1/../../../../arm-none-eabi/lib/thumb/v6-m/nofp/libcr_c.a(ftell.o)
 .debug_aranges
                0x000010b8       0x28 /Applications/MCUXpressoIDE_11.10.0_3148/ide/plugins/com.nxp.mcuxpresso.tools.macosx_11.10.0.202311280810/tools/bin/../lib/gcc/arm-none-eabi/13.2.1/../../../../arm-none-eabi/lib/thumb/v6-m/nofp/libcr_c.a(remove.o)
 .debug_aranges
                0x000010e0       0x20 /Applications/MCUXpressoIDE_11.10.0_3148/ide/plugins/com.nxp.mcuxpresso.tools.macosx_11.10.0.202311280810/tools/bin/../lib/gcc/arm-none-eabi/13.2.1/../../../../arm-none-eabi/lib/thumb/v6-m/nofp/libcr_c.a(_cr_check_heap.o)
 .debug_aranges
                0x00001100       0x20 /Applications/MCUXpressoIDE_11.10.0_3148/ide/plugins/com.nxp.mcuxpresso.tools.macosx_11.10.0.202311280810/tools/bin/../lib/gcc/arm-none-eabi/13.2.1/../../../../arm-none-eabi/lib/thumb/v6-m/nofp/libcr_c.a(_do_fflush.o)
 .debug_aranges
                0x00001120       0x18 /Applications/MCUXpressoIDE_11.10.0_3148/ide/plugins/com.nxp.mcuxpresso.tools.macosx_11.10.0.202311280810/tools/bin/../lib/gcc/arm-none-eabi/13.2.1/../../../../arm-none-eabi/lib/thumb/v6-m/nofp/libcr_nohost_nf.a(__ciob.o)
 .debug_aranges
                0x00001138       0x20 /Applications/MCUXpressoIDE_11.10.0_3148/ide/plugins/com.nxp.mcuxpresso.tools.macosx_11.10.0.202311280810/tools/bin/../lib/gcc/arm-none-eabi/13.2.1/../../../../arm-none-eabi/lib/thumb/v6-m/nofp/libcr_nohost_nf.a(__sys_appexit.o)
 .debug_aranges
                0x00001158       0x20 /Applications/MCUXpressoIDE_11.10.0_3148/ide/plugins/com.nxp.mcuxpresso.tools.macosx_11.10.0.202311280810/tools/bin/../lib/gcc/arm-none-eabi/13.2.1/../../../../arm-none-eabi/lib/thumb/v6-m/nofp/libcr_nohost_nf.a(__sys_close.o)
 .debug_aranges
                0x00001178       0x20 /Applications/MCUXpressoIDE_11.10.0_3148/ide/plugins/com.nxp.mcuxpresso.tools.macosx_11.10.0.202311280810/tools/bin/../lib/gcc/arm-none-eabi/13.2.1/../../../../arm-none-eabi/lib/thumb/v6-m/nofp/libcr_nohost_nf.a(__sys_flen.o)
 .debug_aranges
                0x00001198       0x20 /Applications/MCUXpressoIDE_11.10.0_3148/ide/plugins/com.nxp.mcuxpresso.tools.macosx_11.10.0.202311280810/tools/bin/../lib/gcc/arm-none-eabi/13.2.1/../../../../arm-none-eabi/lib/thumb/v6-m/nofp/libcr_nohost_nf.a(__sys_istty.o)
 .debug_aranges
                0x000011b8       0x20 /Applications/MCUXpressoIDE_11.10.0_3148/ide/plugins/com.nxp.mcuxpresso.tools.macosx_11.10.0.202311280810/tools/bin/../lib/gcc/arm-none-eabi/13.2.1/../../../../arm-none-eabi/lib/thumb/v6-m/nofp/libcr_nohost_nf.a(__sys_remove.o)
 .debug_aranges
                0x000011d8       0x20 /Applications/MCUXpressoIDE_11.10.0_3148/ide/plugins/com.nxp.mcuxpresso.tools.macosx_11.10.0.202311280810/tools/bin/../lib/gcc/arm-none-eabi/13.2.1/../../../../arm-none-eabi/lib/thumb/v6-m/nofp/libcr_nohost_nf.a(__sys_seek.o)
 .debug_aranges
                0x000011f8       0x20 /Applications/MCUXpressoIDE_11.10.0_3148/ide/plugins/com.nxp.mcuxpresso.tools.macosx_11.10.0.202311280810/tools/bin/../lib/gcc/arm-none-eabi/13.2.1/../../../../arm-none-eabi/lib/thumb/v6-m/nofp/libcr_nohost_nf.a(__sys_tmpnam.o)
 .debug_aranges
                0x00001218       0x20 /Applications/MCUXpressoIDE_11.10.0_3148/ide/plugins/com.nxp.mcuxpresso.tools.macosx_11.10.0.202311280810/tools/bin/../lib/gcc/arm-none-eabi/13.2.1/../../../../arm-none-eabi/lib/thumb/v6-m/nofp/libcr_nohost_nf.a(__sys_write.o)

.debug_ranges   0x00000000     0x1250
 .debug_ranges  0x00000000       0x18 ./utilities/fsl_assert.o
 .debug_ranges  0x00000018       0x98 ./utilities/fsl_debug_console.o
 .debug_ranges  0x000000b0      0x108 ./utilities/fsl_str.o
 .debug_ranges  0x000001b8       0xe8 ./tinyusb-midi2/src/portable/nxp/khci/dcd_khci.o
 .debug_ranges  0x000002a0      0x228 ./tinyusb-midi2/src/device/usbd.o
 .debug_ranges  0x000004c8       0x50 ./tinyusb-midi2/src/device/usbd_control.o
 .debug_ranges  0x00000518       0xe8 ./tinyusb-midi2/src/common/tusb_fifo.o
 .debug_ranges  0x00000600       0xc0 ./tinyusb-midi2/src/tusb.o
 .debug_ranges  0x000006c0      0x150 ./startup/startup_k32l2b31a.o
 .debug_ranges  0x00000810       0x88 ./source/frdm_k32l2b.o
 .debug_ranges  0x00000898       0x70 ./source/main.o
 .debug_ranges  0x00000908       0x10 ./source/semihost_hardfault.o
 .debug_ranges  0x00000918       0x30 ./source/usb_descriptors.o
 .debug_ranges  0x00000948       0xc0 ./drivers/fsl_clock.o
 .debug_ranges  0x00000a08       0x58 ./drivers/fsl_gpio.o
 .debug_ranges  0x00000a60      0x150 ./drivers/fsl_lpuart.o
 .debug_ranges  0x00000bb0       0x20 ./device/system_K32L2B31A.o
 .debug_ranges  0x00000bd0       0x48 ./component/uart/fsl_adapter_lpuart.o
 .debug_ranges  0x00000c18       0x90 ./component/serial_manager/fsl_component_serial_manager.o
 .debug_ranges  0x00000ca8       0x38 ./component/serial_manager/fsl_component_serial_port_uart.o
 .debug_ranges  0x00000ce0       0x30 ./board/board.o
 .debug_ranges  0x00000d10       0x38 ./board/clock_config.o
 .debug_ranges  0x00000d48       0x10 /Applications/MCUXpressoIDE_11.10.0_3148/ide/plugins/com.nxp.mcuxpresso.tools.macosx_11.10.0.202311280810/tools/bin/../lib/gcc/arm-none-eabi/13.2.1/../../../../arm-none-eabi/lib/thumb/v6-m/nofp/libcr_nohost_nf.a(_cr__main.o)
 .debug_ranges  0x00000d58       0x10 /Applications/MCUXpressoIDE_11.10.0_3148/ide/plugins/com.nxp.mcuxpresso.tools.macosx_11.10.0.202311280810/tools/bin/../lib/gcc/arm-none-eabi/13.2.1/../../../../arm-none-eabi/lib/thumb/v6-m/nofp/libcr_c.a(memcpy.o)
 .debug_ranges  0x00000d68       0x10 /Applications/MCUXpressoIDE_11.10.0_3148/ide/plugins/com.nxp.mcuxpresso.tools.macosx_11.10.0.202311280810/tools/bin/../lib/gcc/arm-none-eabi/13.2.1/../../../../arm-none-eabi/lib/thumb/v6-m/nofp/libcr_c.a(memset.o)
 .debug_ranges  0x00000d78       0x50 /Applications/MCUXpressoIDE_11.10.0_3148/ide/plugins/com.nxp.mcuxpresso.tools.macosx_11.10.0.202311280810/tools/bin/../lib/gcc/arm-none-eabi/13.2.1/../../../../arm-none-eabi/lib/thumb/v6-m/nofp/libcr_c.a(alloc.o)
 .debug_ranges  0x00000dc8       0x38 /Applications/MCUXpressoIDE_11.10.0_3148/ide/plugins/com.nxp.mcuxpresso.tools.macosx_11.10.0.202311280810/tools/bin/../lib/gcc/arm-none-eabi/13.2.1/../../../../arm-none-eabi/lib/thumb/v6-m/nofp/libcr_c.a(initio.o)
 .debug_ranges  0x00000e00      0x258 /Applications/MCUXpressoIDE_11.10.0_3148/ide/plugins/com.nxp.mcuxpresso.tools.macosx_11.10.0.202311280810/tools/bin/../lib/gcc/arm-none-eabi/13.2.1/../../../../arm-none-eabi/lib/thumb/v6-m/nofp/libcr_c.a(printf.o)
 .debug_ranges  0x00001058       0x10 /Applications/MCUXpressoIDE_11.10.0_3148/ide/plugins/com.nxp.mcuxpresso.tools.macosx_11.10.0.202311280810/tools/bin/../lib/gcc/arm-none-eabi/13.2.1/../../../../arm-none-eabi/lib/thumb/v6-m/nofp/libcr_c.a(setvbuf.o)