../tinyusb-midi2/src/common/tusb_fifo.c:70:6:tu_fifo_config	24	static
../tinyusb-midi2/src/common/tusb_fifo.c:149:20:_ff_push	24	static
../tinyusb-midi2/src/common/tusb_fifo.c:155:13:_ff_push_n	48	static
../tinyusb-midi2/src/common/tusb_fifo.c:237:20:_ff_pull	24	static
../tinyusb-midi2/src/common/tusb_fifo.c:243:13:_ff_pull_n	48	static
../tinyusb-midi2/src/common/tusb_fifo.c:357:17:advance_index	32	static
../tinyusb-midi2/src/common/tusb_fifo.c:421:13:_tu_fifo_peek	48	static
../tinyusb-midi2/src/common/tusb_fifo.c:445:17:_tu_fifo_peek_n	64	static
../tinyusb-midi2/src/common/tusb_fifo.c:470:17:_tu_fifo_write_n	96	static
../tinyusb-midi2/src/common/tusb_fifo.c:557:17:_tu_fifo_read_n	48	static
../tinyusb-midi2/src/common/tusb_fifo.c:591:10:tu_fifo_count	40	static
../tinyusb-midi2/src/common/tusb_fifo.c:609:6:tu_fifo_empty	16	static
../tinyusb-midi2/src/common/tusb_fifo.c:627:6:tu_fifo_full	32	static
../tinyusb-midi2/src/common/tusb_fifo.c:645:10:tu_fifo_remaining	40	static
../tinyusb-midi2/src/common/tusb_fifo.c:671:6:tu_fifo_overflowed	32	static
../tinyusb-midi2/src/common/tusb_fifo.c:677:6:tu_fifo_correct_read_pointer	24	static
../tinyusb-midi2/src/common/tusb_fifo.c:700:6:tu_fifo_read	32	static
../tinyusb-midi2/src/common/tusb_fifo.c:731:10:tu_fifo_read_n	24	static
../tinyusb-midi2/src/common/tusb_fifo.c:773:6:tu_fifo_peek	32	static
../tinyusb-midi2/src/common/tusb_fifo.c:796:10:tu_fifo_peek_n	56	static
../tinyusb-midi2/src/common/tusb_fifo.c:820:6:tu_fifo_write	32	static
../tinyusb-midi2/src/common/tusb_fifo.c:862:10:tu_fifo_write_n	24	static
../tinyusb-midi2/src/common/tusb_fifo.c:897:6:tu_fifo_clear	16	static
../tinyusb-midi2/src/common/tusb_fifo.c:920:6:tu_fifo_set_overwritable	16	static
../tinyusb-midi2/src/common/tusb_fifo.c:949:6:tu_fifo_advance_write_pointer	16	static
../tinyusb-midi2/src/common/tusb_fifo.c:970:6:tu_fifo_advance_read_pointer	16	static
../tinyusb-midi2/src/common/tusb_fifo.c:990:6:tu_fifo_get_read_info	56	static
../tinyusb-midi2/src/common/tusb_fifo.c:1058:6:tu_fifo_get_write_info	64	static
