../source/main.c:48:6:init_gpio	8	static
../source/main.c:62:6:init_adc	8	static
../source/main.c:88:6:read_inputs	8	static
../source/main.c:95:10:read_adc	16	static
../source/main.c:106:10:scale_adc_to_midi	24	static
../source/main.c:114:6:init_ump	16	static
../source/main.c:128:6:ump_task	88	static
../source/main.c:204:6:led_blinking_task	8	static
../source/main.c:216:5:main	8	static
../source/main.c:238:6:tud_mount_cb	8	static
../source/main.c:242:6:tud_umount_cb	8	static
../source/main.c:246:6:tud_suspend_cb	16	static
../source/main.c:251:6:tud_resume_cb	8	static
