/Users/mohaimen/Documents/MCUXpressoIDE_11.10.0_3148/workspace/K32L2B31A_Project_MIDI2_Shield_Demo/tinyusb-midi2/src/class/ump/ump_device.cpp:86:28:usbd_app_driver_get_cb	16	static
/Users/mohaimen/Documents/MCUXpressoIDE_11.10.0_3148/workspace/K32L2B31A_Project_MIDI2_Shield_Demo/tinyusb-midi2/src/class/ump/ump_device.cpp:178:6:tud_ump_n_mounted	24	static
/Users/mohaimen/Documents/MCUXpressoIDE_11.10.0_3148/workspace/K32L2B31A_Project_MIDI2_Shield_Demo/tinyusb-midi2/src/class/ump/ump_device.cpp:184:13:_prep_out_transaction	40	static
/Users/mohaimen/Documents/MCUXpressoIDE_11.10.0_3148/workspace/K32L2B31A_Project_MIDI2_Shield_Demo/tinyusb-midi2/src/class/ump/ump_device.cpp:213:10:tud_ump_n_available	24	static
/Users/mohaimen/Documents/MCUXpressoIDE_11.10.0_3148/workspace/K32L2B31A_Project_MIDI2_Shield_Demo/tinyusb-midi2/src/class/ump/ump_device.cpp:227:9:tud_alt_setting	24	static
/Users/mohaimen/Documents/MCUXpressoIDE_11.10.0_3148/workspace/K32L2B31A_Project_MIDI2_Shield_Demo/tinyusb-midi2/src/class/ump/ump_device.cpp:244:10:tud_ump_read	104	static
/Users/mohaimen/Documents/MCUXpressoIDE_11.10.0_3148/workspace/K32L2B31A_Project_MIDI2_Shield_Demo/tinyusb-midi2/src/class/ump/ump_device.cpp:489:10:tud_ump_n_writeable	24	static
/Users/mohaimen/Documents/MCUXpressoIDE_11.10.0_3148/workspace/K32L2B31A_Project_MIDI2_Shield_Demo/tinyusb-midi2/src/class/ump/ump_device.cpp:497:17:write_flush	32	static
/Users/mohaimen/Documents/MCUXpressoIDE_11.10.0_3148/workspace/K32L2B31A_Project_MIDI2_Shield_Demo/tinyusb-midi2/src/class/ump/ump_device.cpp:535:10:tud_ump_write	112	static
/Users/mohaimen/Documents/MCUXpressoIDE_11.10.0_3148/workspace/K32L2B31A_Project_MIDI2_Shield_Demo/tinyusb-midi2/src/class/ump/ump_device.cpp:786:6:umpd_init	24	static
/Users/mohaimen/Documents/MCUXpressoIDE_11.10.0_3148/workspace/K32L2B31A_Project_MIDI2_Shield_Demo/tinyusb-midi2/src/class/ump/ump_device.cpp:808:6:umpd_reset	24	static
/Users/mohaimen/Documents/MCUXpressoIDE_11.10.0_3148/workspace/K32L2B31A_Project_MIDI2_Shield_Demo/tinyusb-midi2/src/class/ump/ump_device.cpp:830:10:umpd_open	136	static
/Users/mohaimen/Documents/MCUXpressoIDE_11.10.0_3148/workspace/K32L2B31A_Project_MIDI2_Shield_Demo/tinyusb-midi2/src/class/ump/ump_device.cpp:920:6:umpd_control_xfer_cb	40	static
/Users/mohaimen/Documents/MCUXpressoIDE_11.10.0_3148/workspace/K32L2B31A_Project_MIDI2_Shield_Demo/tinyusb-midi2/src/class/ump/ump_device.cpp:968:6:umpd_xfer_cb	32	static
../tinyusb-midi2/src/device/usbd.c:52:19:tud_event_hook_cb	16	static
../tinyusb-midi2/src/device/usbd.c:58:19:tud_sof_cb	16	static
../tinyusb-midi2/src/device/usbd.c:62:19:dcd_deinit	16	static
../tinyusb-midi2/src/device/usbd.c:67:19:dcd_connect	16	static
../tinyusb-midi2/src/device/usbd.c:71:19:dcd_disconnect	16	static
../tinyusb-midi2/src/device/usbd.c:383:14:tud_speed_get	8	static
../tinyusb-midi2/src/device/usbd.c:387:6:tud_connected	8	static
../tinyusb-midi2/src/device/usbd.c:391:6:tud_mounted	8	static
../tinyusb-midi2/src/device/usbd.c:395:6:tud_suspended	8	static
../tinyusb-midi2/src/device/usbd.c:399:6:tud_remote_wakeup	8	static
../tinyusb-midi2/src/device/usbd.c:406:6:tud_disconnect	8	static
../tinyusb-midi2/src/device/usbd.c:411:6:tud_connect	8	static
../tinyusb-midi2/src/device/usbd.c:416:6:tud_sof_cb_enable	16	static
../tinyusb-midi2/src/device/usbd.c:423:6:tud_inited	8	static
../tinyusb-midi2/src/device/usbd.c:427:6:tud_init	40	static
../tinyusb-midi2/src/device/usbd.c:471:6:tud_deinit	40	static
../tinyusb-midi2/src/device/usbd.c:506:13:configuration_reset	32	static
../tinyusb-midi2/src/device/usbd.c:518:13:usbd_reset	16	static
../tinyusb-midi2/src/device/usbd.c:523:6:tud_task_event_ready	16	static
../tinyusb-midi2/src/device/usbd.c:543:6:tud_task_ext	96	static
../tinyusb-midi2/src/device/usbd.c:673:13:invoke_class_control	32	static
../tinyusb-midi2/src/device/usbd.c:681:13:process_control_request	88	static
../tinyusb-midi2/src/device/usbd.c:949:13:process_set_config	96	static
../tinyusb-midi2/src/device/usbd.c:1046:13:process_get_descriptor	96	static
../tinyusb-midi2/src/device/usbd.c:1168:24:dcd_event_handler	168	static
../tinyusb-midi2/src/device/usbd.c:1241:6:usbd_int_set	16	static
../tinyusb-midi2/src/device/usbd.c:1253:6:usbd_open_edpt_pair	48	static
../tinyusb-midi2/src/device/usbd.c:1277:6:usbd_defer_func	80	static
../tinyusb-midi2/src/device/usbd.c:1292:6:usbd_edpt_open	24	static
../tinyusb-midi2/src/device/usbd.c:1301:6:usbd_edpt_claim	32	static
../tinyusb-midi2/src/device/usbd.c:1314:6:usbd_edpt_release	32	static
../tinyusb-midi2/src/device/usbd.c:1324:6:usbd_edpt_xfer	32	static
../tinyusb-midi2/src/device/usbd.c:1363:6:usbd_edpt_xfer_fifo	32	static
../tinyusb-midi2/src/device/usbd.c:1391:6:usbd_edpt_busy	24	static
../tinyusb-midi2/src/device/usbd.c:1400:6:usbd_edpt_stall	32	static
../tinyusb-midi2/src/device/usbd.c:1413:6:usbd_edpt_clear_stall	32	static
../tinyusb-midi2/src/device/usbd.c:1426:6:usbd_edpt_stalled	24	static
../tinyusb-midi2/src/device/usbd.c:1439:6:usbd_edpt_close	32	static
../tinyusb-midi2/src/device/usbd.c:1456:6:usbd_sof_enable	32	static
../tinyusb-midi2/src/device/usbd.c:1473:6:usbd_edpt_iso_alloc	32	static
../tinyusb-midi2/src/device/usbd.c:1482:6:usbd_edpt_iso_activate	32	static
