../startup/startup_k32l2b31a.c:243:6:data_init	8	static
../startup/startup_k32l2b31a.c:252:6:bss_init	0	static
../startup/startup_k32l2b31a.c:277:6:ResetISR	0	static
../startup/startup_k32l2b31a.c:360:14:NMI_Handler	0	static
../startup/startup_k32l2b31a.c:364:14:HardFault_Handler	0	static
../startup/startup_k32l2b31a.c:368:14:SVC_Handler	0	static
../startup/startup_k32l2b31a.c:372:14:PendSV_Handler	0	static
../startup/startup_k32l2b31a.c:376:14:SysTick_Handler	0	static
../startup/startup_k32l2b31a.c:384:14:IntDefaultHandler	0	static
../startup/startup_k32l2b31a.c:394:14:DMA0_IRQHandler	8	static
../startup/startup_k32l2b31a.c:398:14:DMA1_IRQHandler	8	static
../startup/startup_k32l2b31a.c:402:14:DMA2_IRQHandler	8	static
../startup/startup_k32l2b31a.c:406:14:DMA3_IRQHandler	8	static
../startup/startup_k32l2b31a.c:410:14:Reserved20_IRQHandler	8	static
../startup/startup_k32l2b31a.c:414:14:FTFA_IRQHandler	8	static
../startup/startup_k32l2b31a.c:418:14:PMC_IRQHandler	8	static
../startup/startup_k32l2b31a.c:422:14:LLWU_IRQHandler	8	static
../startup/startup_k32l2b31a.c:426:14:I2C0_IRQHandler	8	static
../startup/startup_k32l2b31a.c:430:14:I2C1_IRQHandler	8	static
../startup/startup_k32l2b31a.c:434:14:SPI0_IRQHandler	8	static
../startup/startup_k32l2b31a.c:438:14:SPI1_IRQHandler	8	static
../startup/startup_k32l2b31a.c:442:14:LPUART0_IRQHandler	8	static
../startup/startup_k32l2b31a.c:446:14:LPUART1_IRQHandler	8	static
../startup/startup_k32l2b31a.c:450:14:UART2_FLEXIO_IRQHandler	8	static
../startup/startup_k32l2b31a.c:454:14:ADC0_IRQHandler	8	static
../startup/startup_k32l2b31a.c:458:14:CMP0_IRQHandler	8	static
../startup/startup_k32l2b31a.c:462:14:TPM0_IRQHandler	8	static
../startup/startup_k32l2b31a.c:466:14:TPM1_IRQHandler	8	static
../startup/startup_k32l2b31a.c:470:14:TPM2_IRQHandler	8	static
../startup/startup_k32l2b31a.c:474:14:RTC_IRQHandler	8	static
../startup/startup_k32l2b31a.c:478:14:RTC_Seconds_IRQHandler	8	static
../startup/startup_k32l2b31a.c:482:14:PIT_IRQHandler	8	static
../startup/startup_k32l2b31a.c:486:14:Reserved39_IRQHandler	8	static
../startup/startup_k32l2b31a.c:490:14:USB0_IRQHandler	8	static
../startup/startup_k32l2b31a.c:494:14:DAC0_IRQHandler	8	static
../startup/startup_k32l2b31a.c:498:14:Reserved42_IRQHandler	8	static
../startup/startup_k32l2b31a.c:502:14:Reserved43_IRQHandler	8	static
../startup/startup_k32l2b31a.c:506:14:LPTMR0_IRQHandler	8	static
../startup/startup_k32l2b31a.c:510:14:LCD_IRQHandler	8	static
../startup/startup_k32l2b31a.c:514:14:PORTA_IRQHandler	8	static
../startup/startup_k32l2b31a.c:518:14:PORTC_PORTD_IRQHandler	8	static
