/Users/mohaimen/Documents/MCUXpressoIDE_11.10.0_3148/workspace/K32L2B31A_Project_MIDI2_Shield_Demo/CMSIS/core_cm0plus.h:741:22:__NVIC_EnableIRQ	16	static
/Users/mohaimen/Documents/MCUXpressoIDE_11.10.0_3148/workspace/K32L2B31A_Project_MIDI2_Shield_Demo/CMSIS/core_cm0plus.h:760:26:__NVIC_GetEnableIRQ	16	static
/Users/mohaimen/Documents/MCUXpressoIDE_11.10.0_3148/workspace/K32L2B31A_Project_MIDI2_Shield_Demo/CMSIS/core_cm0plus.h:779:22:__NVIC_DisableIRQ	16	static
/Users/mohaimen/Documents/MCUXpressoIDE_11.10.0_3148/workspace/K32L2B31A_Project_MIDI2_Shield_Demo/CMSIS/core_cm0plus.h:832:22:__NVIC_ClearPendingIRQ	16	static
../tinyusb-midi2/src/portable/nxp/khci/dcd_khci.c:121:13:prepare_next_setup_packet	32	static
../tinyusb-midi2/src/portable/nxp/khci/dcd_khci.c:135:13:process_stall	24	static
../tinyusb-midi2/src/portable/nxp/khci/dcd_khci.c:150:13:process_tokdne	120	static
../tinyusb-midi2/src/portable/nxp/khci/dcd_khci.c:210:13:process_bus_reset	72	static
../tinyusb-midi2/src/portable/nxp/khci/dcd_khci.c:241:13:process_bus_sleep	56	static
../tinyusb-midi2/src/portable/nxp/khci/dcd_khci.c:253:13:process_bus_resume	56	static
../tinyusb-midi2/src/portable/nxp/khci/dcd_khci.c:268:6:dcd_init	24	static
../tinyusb-midi2/src/portable/nxp/khci/dcd_khci.c:299:6:dcd_int_enable	16	static
../tinyusb-midi2/src/portable/nxp/khci/dcd_khci.c:305:6:dcd_int_disable	16	static
../tinyusb-midi2/src/portable/nxp/khci/dcd_khci.c:311:6:dcd_set_address	24	static
../tinyusb-midi2/src/portable/nxp/khci/dcd_khci.c:318:6:dcd_remote_wakeup	24	static
../tinyusb-midi2/src/portable/nxp/khci/dcd_khci.c:330:6:dcd_connect	16	static
../tinyusb-midi2/src/portable/nxp/khci/dcd_khci.c:338:6:dcd_disconnect	16	static
../tinyusb-midi2/src/portable/nxp/khci/dcd_khci.c:345:6:dcd_sof_enable	16	static
../tinyusb-midi2/src/portable/nxp/khci/dcd_khci.c:356:6:dcd_edpt_open	64	static
../tinyusb-midi2/src/portable/nxp/khci/dcd_khci.c:387:6:dcd_edpt_close_all	40	static
../tinyusb-midi2/src/portable/nxp/khci/dcd_khci.c:409:6:dcd_edpt_close	48	static
../tinyusb-midi2/src/portable/nxp/khci/dcd_khci.c:429:6:dcd_edpt_xfer	56	static
../tinyusb-midi2/src/portable/nxp/khci/dcd_khci.c:462:6:dcd_edpt_stall	40	static
../tinyusb-midi2/src/portable/nxp/khci/dcd_khci.c:486:6:dcd_edpt_clear_stall	48	static
../tinyusb-midi2/src/portable/nxp/khci/dcd_khci.c:521:6:dcd_int_handler	64	static
